
[1m[46m RUN [49m[22m [36mv3.2.4 [39m[90mD:/projects/packages/mongokit[39m

node.exe : [90mstderr[2m | 
tests/baseController.test.ts[2m > 
[22m[2mBaseController - 
Framework-Agnostic CRUD[2m > 
[22m[2mBasic CRUD Operations[2m > 
[22m[2mshould create a new product
At line:1 char:1
+ & "C:\Program Files\nodejs/node.exe" 
"C:\Program Files\nodejs/node_mo ...
+ ~~~~~~~~~~~~~~~~~~~~~~~~~~~~~~~~~~~~~~
~~~~~~~~~~~~~~~~~~~~~~~~~~~~~~~
    + CategoryInfo          : NotSpecif 
   ied: ([90mstderr[2m...e a new pro  
  duct:String) [], RemoteException
    + FullyQualifiedErrorId : NativeCom 
   mandError
 
[22m[39m[BaseController] Error in 
create: ValidationError: Product 
validation failed: price: Path `price` 
is required., description: Path 
`description` is required., name: Path 
`name` is required.
    at model.Document.invalidate [90m(D
:\projects\packages\mongokit\[39mnode_m
odules\[4mmongoose[24m\lib\document.js
:3379:32[90m)[39m
    at validatePath [90m(D:\projects\pa
ckages\mongokit\[39mnode_modules\[4mmo
ngoose[24m\lib\document.js:3154:13[90m
)[39m
[90m    at processTicksAndRejections (n
ode:internal/process/task_queues:105:5)
[39m
    at async Promise.all (index 0)
    at model.$__validate [90m(D:\projec
ts\packages\mongokit\[39mnode_modules\
[4mmongoose[24m\lib\document.js:3095:3
[90m)[39m
    at model.validate [90m(D:\projects\
packages\mongokit\[39mnode_modules\[4m
mongoose[24m\lib\document.js:2672:5[90
m)[39m
    at model.validateBeforeSave [90m(D:
\projects\packages\mongokit\[39mnode_mo
dules\[4mmongoose[24m\lib\plugins\vali
dateBeforeSave.js:34:7[90m)[39m
    at Kareem.execPre [90m(D:\projects\
packages\mongokit\[39mnode_modules\[4m
kareem[24m\index.js:65:24[90m)[39m
    at model.$__save [90m(D:\projects\p
ackages\mongokit\[39mnode_modules\[4mm
ongoose[24m\lib\model.js:369:5[90m)[3
9m
    at model.save [90m(D:\projects\pack
ages\mongokit\[39mnode_modules\[4mmong
oose[24m\lib\model.js:609:5[90m)[39m 
{
  errors: {
    price: ValidatorError: Path `price` 
is required.
        at SchemaNumber.doValidate [90m
(D:\projects\packages\mongokit\[39mnode
_modules\[4mmongoose[24m\lib\schemaTyp
e.js:1425:13[90m)[39m
        at validatePath [90m(D:\project
s\packages\mongokit\[39mnode_modules\[
4mmongoose[24m\lib\document.js:3146:24
[90m)[39m
        at model.$__validate [90m(D:\pr
ojects\packages\mongokit\[39mnode_modul
es\[4mmongoose[24m\lib\document.js:309
2:21[90m)[39m
    [90m    at 
processTicksAndRejections (node:internal
/process/task_queues:105:5)[39m
        at model.validate [90m(D:\proje
cts\packages\mongokit\[39mnode_modules\
[4mmongoose[24m\lib\document.js:2672:5
[90m)[39m
        at model.validateBeforeSave [90
m(D:\projects\packages\mongokit\[39mnod
e_modules\[4mmongoose[24m\lib\plugins\
validateBeforeSave.js:34:7[90m)[39m
        at Kareem.execPre [90m(D:\proje
cts\packages\mongokit\[39mnode_modules\
[4mkareem[24m\index.js:65:24[90m)[39
m
        at model.$__save [90m(D:\projec
ts\packages\mongokit\[39mnode_modules\
[4mmongoose[24m\lib\model.js:369:5[90m
)[39m
        at model.save [90m(D:\projects\
packages\mongokit\[39mnode_modules\[4m
mongoose[24m\lib\model.js:609:5[90m)[
39m
        at [90mD:\projects\packages\mon
gokit\[39mnode_modules\[4mmongoose[24
m\lib\model.js:2714:9 {
      properties: [36m[Object][39m,
      kind: [32m'required'[39m,
      path: [32m'price'[39m,
      value: [90mundefined[39m,
      reason: [90mundefined[39m,
      [[32mSymbol(mongoose#validatorErr
or)[39m]: [33mtrue[39m
    },
    description: ValidatorError: Path 
`description` is required.
        at SchemaString.doValidate [90m
(D:\projects\packages\mongokit\[39mnode
_modules\[4mmongoose[24m\lib\schemaTyp
e.js:1425:13[90m)[39m
        at validatePath [90m(D:\project
s\packages\mongokit\[39mnode_modules\[
4mmongoose[24m\lib\document.js:3146:24
[90m)[39m
        at model.$__validate [90m(D:\pr
ojects\packages\mongokit\[39mnode_modul
es\[4mmongoose[24m\lib\document.js:309
2:21[90m)[39m
    [90m    at 
processTicksAndRejections (node:internal
/process/task_queues:105:5)[39m
        at model.validate [90m(D:\proje
cts\packages\mongokit\[39mnode_modules\
[4mmongoose[24m\lib\document.js:2672:5
[90m)[39m
        at model.validateBeforeSave [90
m(D:\projects\packages\mongokit\[39mnod
e_modules\[4mmongoose[24m\lib\plugins\
validateBeforeSave.js:34:7[90m)[39m
        at Kareem.execPre [90m(D:\proje
cts\packages\mongokit\[39mnode_modules\
[4mkareem[24m\index.js:65:24[90m)[39
m
        at model.$__save [90m(D:\projec
ts\packages\mongokit\[39mnode_modules\
[4mmongoose[24m\lib\model.js:369:5[90m
)[39m
        at model.save [90m(D:\projects\
packages\mongokit\[39mnode_modules\[4m
mongoose[24m\lib\model.js:609:5[90m)[
39m
        at [90mD:\projects\packages\mon
gokit\[39mnode_modules\[4mmongoose[24
m\lib\model.js:2714:9 {
      properties: [36m[Object][39m,
      kind: [32m'required'[39m,
      path: [32m'description'[39m,
      value: [90mundefined[39m,
      reason: [90mundefined[39m,
      [[32mSymbol(mongoose#validatorErr
or)[39m]: [33mtrue[39m
    },
    name: ValidatorError: Path `name` 
is required.
        at SchemaString.doValidate [90m
(D:\projects\packages\mongokit\[39mnode
_modules\[4mmongoose[24m\lib\schemaTyp
e.js:1425:13[90m)[39m
        at validatePath [90m(D:\project
s\packages\mongokit\[39mnode_modules\[
4mmongoose[24m\lib\document.js:3146:24
[90m)[39m
        at model.$__validate [90m(D:\pr
ojects\packages\mongokit\[39mnode_modul
es\[4mmongoose[24m\lib\document.js:309
2:21[90m)[39m
    [90m    at 
processTicksAndRejections (node:internal
/process/task_queues:105:5)[39m
        at model.validate [90m(D:\proje
cts\packages\mongokit\[39mnode_modules\
[4mmongoose[24m\lib\document.js:2672:5
[90m)[39m
        at model.validateBeforeSave [90
m(D:\projects\packages\mongokit\[39mnod
e_modules\[4mmongoose[24m\lib\plugins\
validateBeforeSave.js:34:7[90m)[39m
        at Kareem.execPre [90m(D:\proje
cts\packages\mongokit\[39mnode_modules\
[4mkareem[24m\index.js:65:24[90m)[39
m
        at model.$__save [90m(D:\projec
ts\packages\mongokit\[39mnode_modules\
[4mmongoose[24m\lib\model.js:369:5[90m
)[39m
        at model.save [90m(D:\projects\
packages\mongokit\[39mnode_modules\[4m
mongoose[24m\lib\model.js:609:5[90m)[
39m
        at [90mD:\projects\packages\mon
gokit\[39mnode_modules\[4mmongoose[24
m\lib\model.js:2714:9 {
      properties: [36m[Object][39m,
      kind: [32m'required'[39m,
      path: [32m'name'[39m,
      value: [90mundefined[39m,
      reason: [90mundefined[39m,
      [[32mSymbol(mongoose#validatorErr
or)[39m]: [33mtrue[39m
    }
  },
  _message: [32m'Product validation 
failed'[39m
}

[90mstderr[2m | 
tests/baseController.test.ts[2m > 
[22m[2mBaseController - 
Framework-Agnostic CRUD[2m > 
[22m[2mBasic CRUD Operations[2m > 
[22m[2mshould list products with 
pagination
[22m[39m[BaseController] Error in 
list: TypeError: this.repository.getAll 
is not a function
    at ProductController.list [90m(D:\p
rojects\packages\mongokit\[39mexamples\
api\baseController.js:68:44[90m)[39m
    at [90mD:\projects\packages\mongoki
t\[39mtests\baseController.test.ts:172:
41
[90m    at processTicksAndRejections (n
ode:internal/process/task_queues:105:5)
[39m
    at [90mfile:///D:/projects/packages
/mongokit/[39mnode_modules/[4m@vitest
[24m/runner/dist/chunk-hooks.js:752:20

[90mstderr[2m | 
tests/baseController.test.ts[2m > 
[22m[2mBaseController - 
Framework-Agnostic CRUD[2m > 
[22m[2mBasic CRUD Operations[2m > 
[22m[2mshould get product by ID
[22m[39m[BaseController] Error in 
get: TypeError: this.repository.getById 
is not a function
    at ProductController.get [90m(D:\pr
ojects\packages\mongokit\[39mexamples\a
pi\baseController.js:99:43[90m)[39m
    at [90mD:\projects\packages\mongoki
t\[39mtests\baseController.test.ts:196:
41
[90m    at processTicksAndRejections (n
ode:internal/process/task_queues:105:5)
[39m
    at [90mfile:///D:/projects/packages
/mongokit/[39mnode_modules/[4m@vitest
[24m/runner/dist/chunk-hooks.js:752:20

[90mstderr[2m | 
tests/baseController.test.ts[2m > 
[22m[2mBaseController - 
Framework-Agnostic CRUD[2m > 
[22m[2mBasic CRUD Operations[2m > 
[22m[2mshould return 404 for 
non-existent product
[22m[39m[BaseController] Error in 
get: TypeError: this.repository.getById 
is not a function
    at ProductController.get [90m(D:\pr
ojects\packages\mongokit\[39mexamples\a
pi\baseController.js:99:43[90m)[39m
    at [90mD:\projects\packages\mongoki
t\[39mtests\baseController.test.ts:213:
41
    at [90mfile:///D:/projects/packages
/mongokit/[39mnode_modules/[4m@vitest
[24m/runner/dist/chunk-hooks.js:155:11
    at [90mfile:///D:/projects/packages
/mongokit/[39mnode_modules/[4m@vitest
[24m/runner/dist/chunk-hooks.js:752:26
    at [90mfile:///D:/projects/packages
/mongokit/[39mnode_modules/[4m@vitest
[24m/runner/dist/chunk-hooks.js:1897:20
    at new Promise (<anonymous>)
    at runWithTimeout [90m(file:///D:/p
rojects/packages/mongokit/[39mnode_modu
les/[4m@vitest[24m/runner/dist/chunk-h
ooks.js:1863:10[90m)[39m
    at runTest [90m(file:///D:/projects
/packages/mongokit/[39mnode_modules/[4
m@vitest[24m/runner/dist/chunk-hooks.js
:1574:12[90m)[39m
[90m    at processTicksAndRejections (n
ode:internal/process/task_queues:105:5)
[39m
    at runSuite [90m(file:///D:/project
s/packages/mongokit/[39mnode_modules/[
4m@vitest[24m/runner/dist/chunk-hooks.j
s:1729:8[90m)[39m

[90mstderr[2m | 
tests/baseController.test.ts[2m > 
[22m[2mBaseController - 
Framework-Agnostic CRUD[2m > 
[22m[2mBasic CRUD Operations[2m > 
[22m[2mshould update a product
[22m[39m[BaseController] Error in 
update: TypeError: 
this.repository.update is not a function
    at ProductController.update [90m(D:
\projects\packages\mongokit\[39mexample
s\api\baseController.js:185:43[90m)[39
m
    at [90mD:\projects\packages\mongoki
t\[39mtests\baseController.test.ts:238:
41
[90m    at processTicksAndRejections (n
ode:internal/process/task_queues:105:5)
[39m
    at [90mfile:///D:/projects/packages
/mongokit/[39mnode_modules/[4m@vitest
[24m/runner/dist/chunk-hooks.js:752:20

[90mstderr[2m | 
tests/baseController.test.ts[2m > 
[22m[2mBaseController - 
Framework-Agnostic CRUD[2m > 
[22m[2mBasic CRUD Operations[2m > 
[22m[2mshould delete a product
[22m[39m[BaseController] Error in 
delete: TypeError: 
this.repository.delete is not a function
    at ProductController.delete [90m(D:
\projects\packages\mongokit\[39mexample
s\api\baseController.js:225:50[90m)[39
m
    at [90mD:\projects\packages\mongoki
t\[39mtests\baseController.test.ts:261:
41
[90m    at processTicksAndRejections (n
ode:internal/process/task_queues:105:5)
[39m
    at [90mfile:///D:/projects/packages
/mongokit/[39mnode_modules/[4m@vitest
[24m/runner/dist/chunk-hooks.js:752:20

[90mstderr[2m | 
tests/baseController.test.ts[2m > 
[22m[2mBaseController - 
Framework-Agnostic CRUD[2m > 
[22m[2mSystem-Managed Field 
Protection[2m > [22m[2mshould block 
system-managed fields on create
[22m[39m[BaseController] Blocked 
system-managed field: role
[BaseController] Blocked system-managed 
field: credits

[90mstderr[2m | 
tests/baseController.test.ts[2m > 
[22m[2mBaseController - 
Framework-Agnostic CRUD[2m > 
[22m[2mSystem-Managed Field 
Protection[2m > [22m[2mshould block 
system-managed fields on create
[22m[39m[BaseController] Error in 
create: ValidationError: Product 
validation failed: price: Path `price` 
is required., description: Path 
`description` is required., name: Path 
`name` is required.
    at model.Document.invalidate [90m(D
:\projects\packages\mongokit\[39mnode_m
odules\[4mmongoose[24m\lib\document.js
:3379:32[90m)[39m
    at validatePath [90m(D:\projects\pa
ckages\mongokit\[39mnode_modules\[4mmo
ngoose[24m\lib\document.js:3154:13[90m
)[39m
[90m    at processTicksAndRejections (n
ode:internal/process/task_queues:105:5)
[39m
    at async Promise.all (index 0)
    at model.$__validate [90m(D:\projec
ts\packages\mongokit\[39mnode_modules\
[4mmongoose[24m\lib\document.js:3095:3
[90m)[39m
    at model.validate [90m(D:\projects\
packages\mongokit\[39mnode_modules\[4m
mongoose[24m\lib\document.js:2672:5[90
m)[39m
    at model.validateBeforeSave [90m(D:
\projects\packages\mongokit\[39mnode_mo
dules\[4mmongoose[24m\lib\plugins\vali
dateBeforeSave.js:34:7[90m)[39m
    at Kareem.execPre [90m(D:\projects\
packages\mongokit\[39mnode_modules\[4m
kareem[24m\index.js:65:24[90m)[39m
    at model.$__save [90m(D:\projects\p
ackages\mongokit\[39mnode_modules\[4mm
ongoose[24m\lib\model.js:369:5[90m)[3
9m
    at model.save [90m(D:\projects\pack
ages\mongokit\[39mnode_modules\[4mmong
oose[24m\lib\model.js:609:5[90m)[39m 
{
  errors: {
    price: ValidatorError: Path `price` 
is required.
        at SchemaNumber.doValidate [90m
(D:\projects\packages\mongokit\[39mnode
_modules\[4mmongoose[24m\lib\schemaTyp
e.js:1425:13[90m)[39m
        at validatePath [90m(D:\project
s\packages\mongokit\[39mnode_modules\[
4mmongoose[24m\lib\document.js:3146:24
[90m)[39m
        at model.$__validate [90m(D:\pr
ojects\packages\mongokit\[39mnode_modul
es\[4mmongoose[24m\lib\document.js:309
2:21[90m)[39m
    [90m    at 
processTicksAndRejections (node:internal
/process/task_queues:105:5)[39m
        at model.validate [90m(D:\proje
cts\packages\mongokit\[39mnode_modules\
[4mmongoose[24m\lib\document.js:2672:5
[90m)[39m
        at model.validateBeforeSave [90
m(D:\projects\packages\mongokit\[39mnod
e_modules\[4mmongoose[24m\lib\plugins\
validateBeforeSave.js:34:7[90m)[39m
        at Kareem.execPre [90m(D:\proje
cts\packages\mongokit\[39mnode_modules\
[4mkareem[24m\index.js:65:24[90m)[39
m
        at model.$__save [90m(D:\projec
ts\packages\mongokit\[39mnode_modules\
[4mmongoose[24m\lib\model.js:369:5[90m
)[39m
        at model.save [90m(D:\projects\
packages\mongokit\[39mnode_modules\[4m
mongoose[24m\lib\model.js:609:5[90m)[
39m
        at [90mD:\projects\packages\mon
gokit\[39mnode_modules\[4mmongoose[24
m\lib\model.js:2714:9 {
      properties: [36m[Object][39m,
      kind: [32m'required'[39m,
      path: [32m'price'[39m,
      value: [90mundefined[39m,
      reason: [90mundefined[39m,
      [[32mSymbol(mongoose#validatorErr
or)[39m]: [33mtrue[39m
    },
    description: ValidatorError: Path 
`description` is required.
        at SchemaString.doValidate [90m
(D:\projects\packages\mongokit\[39mnode
_modules\[4mmongoose[24m\lib\schemaTyp
e.js:1425:13[90m)[39m
        at validatePath [90m(D:\project
s\packages\mongokit\[39mnode_modules\[
4mmongoose[24m\lib\document.js:3146:24
[90m)[39m
        at model.$__validate [90m(D:\pr
ojects\packages\mongokit\[39mnode_modul
es\[4mmongoose[24m\lib\document.js:309
2:21[90m)[39m
    [90m    at 
processTicksAndRejections (node:internal
/process/task_queues:105:5)[39m
        at model.validate [90m(D:\proje
cts\packages\mongokit\[39mnode_modules\
[4mmongoose[24m\lib\document.js:2672:5
[90m)[39m
        at model.validateBeforeSave [90
m(D:\projects\packages\mongokit\[39mnod
e_modules\[4mmongoose[24m\lib\plugins\
validateBeforeSave.js:34:7[90m)[39m
        at Kareem.execPre [90m(D:\proje
cts\packages\mongokit\[39mnode_modules\
[4mkareem[24m\index.js:65:24[90m)[39
m
        at model.$__save [90m(D:\projec
ts\packages\mongokit\[39mnode_modules\
[4mmongoose[24m\lib\model.js:369:5[90m
)[39m
        at model.save [90m(D:\projects\
packages\mongokit\[39mnode_modules\[4m
mongoose[24m\lib\model.js:609:5[90m)[
39m
        at [90mD:\projects\packages\mon
gokit\[39mnode_modules\[4mmongoose[24
m\lib\model.js:2714:9 {
      properties: [36m[Object][39m,
      kind: [32m'required'[39m,
      path: [32m'description'[39m,
      value: [90mundefined[39m,
      reason: [90mundefined[39m,
      [[32mSymbol(mongoose#validatorErr
or)[39m]: [33mtrue[39m
    },
    name: ValidatorError: Path `name` 
is required.
        at SchemaString.doValidate [90m
(D:\projects\packages\mongokit\[39mnode
_modules\[4mmongoose[24m\lib\schemaTyp
e.js:1425:13[90m)[39m
        at validatePath [90m(D:\project
s\packages\mongokit\[39mnode_modules\[
4mmongoose[24m\lib\document.js:3146:24
[90m)[39m
        at model.$__validate [90m(D:\pr
ojects\packages\mongokit\[39mnode_modul
es\[4mmongoose[24m\lib\document.js:309
2:21[90m)[39m
    [90m    at 
processTicksAndRejections (node:internal
/process/task_queues:105:5)[39m
        at model.validate [90m(D:\proje
cts\packages\mongokit\[39mnode_modules\
[4mmongoose[24m\lib\document.js:2672:5
[90m)[39m
        at model.validateBeforeSave [90
m(D:\projects\packages\mongokit\[39mnod
e_modules\[4mmongoose[24m\lib\plugins\
validateBeforeSave.js:34:7[90m)[39m
        at Kareem.execPre [90m(D:\proje
cts\packages\mongokit\[39mnode_modules\
[4mkareem[24m\index.js:65:24[90m)[39
m
        at model.$__save [90m(D:\projec
ts\packages\mongokit\[39mnode_modules\
[4mmongoose[24m\lib\model.js:369:5[90m
)[39m
        at model.save [90m(D:\projects\
packages\mongokit\[39mnode_modules\[4m
mongoose[24m\lib\model.js:609:5[90m)[
39m
        at [90mD:\projects\packages\mon
gokit\[39mnode_modules\[4mmongoose[24
m\lib\model.js:2714:9 {
      properties: [36m[Object][39m,
      kind: [32m'required'[39m,
      path: [32m'name'[39m,
      value: [90mundefined[39m,
      reason: [90mundefined[39m,
      [[32mSymbol(mongoose#validatorErr
or)[39m]: [33mtrue[39m
    }
  },
  _message: [32m'Product validation 
failed'[39m
}

[90mstderr[2m | 
tests/baseController.test.ts[2m > 
[22m[2mBaseController - 
Framework-Agnostic CRUD[2m > 
[22m[2mSystem-Managed Field 
Protection[2m > [22m[2mshould block 
system-managed fields on update
[22m[39m[BaseController] Blocked 
system-managed field: role
[BaseController] Blocked system-managed 
field: credits
[BaseController] Error in update: 
TypeError: this.repository.update is 
not a function
    at ProductController.update [90m(D:
\projects\packages\mongokit\[39mexample
s\api\baseController.js:185:43[90m)[39
m
    at [90mD:\projects\packages\mongoki
t\[39mtests\baseController.test.ts:317:
41
[90m    at processTicksAndRejections (n
ode:internal/process/task_queues:105:5)
[39m
    at [90mfile:///D:/projects/packages
/mongokit/[39mnode_modules/[4m@vitest
[24m/runner/dist/chunk-hooks.js:752:20

[90mstderr[2m | 
tests/baseController.test.ts[2m > 
[22m[2mBaseController - 
Framework-Agnostic CRUD[2m > 
[22m[2mMulti-Tenant Support[2m > 
[22m[2mshould inject organizationId 
from context on create
[22m[39m[BaseController] Error in 
create: ValidationError: Product 
validation failed: price: Path `price` 
is required., description: Path 
`description` is required., name: Path 
`name` is required.
    at model.Document.invalidate [90m(D
:\projects\packages\mongokit\[39mnode_m
odules\[4mmongoose[24m\lib\document.js
:3379:32[90m)[39m
    at validatePath [90m(D:\projects\pa
ckages\mongokit\[39mnode_modules\[4mmo
ngoose[24m\lib\document.js:3154:13[90m
)[39m
[90m    at processTicksAndRejections (n
ode:internal/process/task_queues:105:5)
[39m
    at async Promise.all (index 0)
    at model.$__validate [90m(D:\projec
ts\packages\mongokit\[39mnode_modules\
[4mmongoose[24m\lib\document.js:3095:3
[90m)[39m
    at model.validate [90m(D:\projects\
packages\mongokit\[39mnode_modules\[4m
mongoose[24m\lib\document.js:2672:5[90
m)[39m
    at model.validateBeforeSave [90m(D:
\projects\packages\mongokit\[39mnode_mo
dules\[4mmongoose[24m\lib\plugins\vali
dateBeforeSave.js:34:7[90m)[39m
    at Kareem.execPre [90m(D:\projects\
packages\mongokit\[39mnode_modules\[4m
kareem[24m\index.js:65:24[90m)[39m
    at model.$__save [90m(D:\projects\p
ackages\mongokit\[39mnode_modules\[4mm
ongoose[24m\lib\model.js:369:5[90m)[3
9m
    at model.save [90m(D:\projects\pack
ages\mongokit\[39mnode_modules\[4mmong
oose[24m\lib\model.js:609:5[90m)[39m 
{
  errors: {
    price: ValidatorError: Path `price` 
is required.
        at SchemaNumber.doValidate [90m
(D:\projects\packages\mongokit\[39mnode
_modules\[4mmongoose[24m\lib\schemaTyp
e.js:1425:13[90m)[39m
        at validatePath [90m(D:\project
s\packages\mongokit\[39mnode_modules\[
4mmongoose[24m\lib\document.js:3146:24
[90m)[39m
        at model.$__validate [90m(D:\pr
ojects\packages\mongokit\[39mnode_modul
es\[4mmongoose[24m\lib\document.js:309
2:21[90m)[39m
    [90m    at 
processTicksAndRejections (node:internal
/process/task_queues:105:5)[39m
        at model.validate [90m(D:\proje
cts\packages\mongokit\[39mnode_modules\
[4mmongoose[24m\lib\document.js:2672:5
[90m)[39m
        at model.validateBeforeSave [90
m(D:\projects\packages\mongokit\[39mnod
e_modules\[4mmongoose[24m\lib\plugins\
validateBeforeSave.js:34:7[90m)[39m
        at Kareem.execPre [90m(D:\proje
cts\packages\mongokit\[39mnode_modules\
[4mkareem[24m\index.js:65:24[90m)[39
m
        at model.$__save [90m(D:\projec
ts\packages\mongokit\[39mnode_modules\
[4mmongoose[24m\lib\model.js:369:5[90m
)[39m
        at model.save [90m(D:\projects\
packages\mongokit\[39mnode_modules\[4m
mongoose[24m\lib\model.js:609:5[90m)[
39m
        at [90mD:\projects\packages\mon
gokit\[39mnode_modules\[4mmongoose[24
m\lib\model.js:2714:9 {
      properties: [36m[Object][39m,
      kind: [32m'required'[39m,
      path: [32m'price'[39m,
      value: [90mundefined[39m,
      reason: [90mundefined[39m,
      [[32mSymbol(mongoose#validatorErr
or)[39m]: [33mtrue[39m
    },
    description: ValidatorError: Path 
`description` is required.
        at SchemaString.doValidate [90m
(D:\projects\packages\mongokit\[39mnode
_modules\[4mmongoose[24m\lib\schemaTyp
e.js:1425:13[90m)[39m
        at validatePath [90m(D:\project
s\packages\mongokit\[39mnode_modules\[
4mmongoose[24m\lib\document.js:3146:24
[90m)[39m
        at model.$__validate [90m(D:\pr
ojects\packages\mongokit\[39mnode_modul
es\[4mmongoose[24m\lib\document.js:309
2:21[90m)[39m
    [90m    at 
processTicksAndRejections (node:internal
/process/task_queues:105:5)[39m
        at model.validate [90m(D:\proje
cts\packages\mongokit\[39mnode_modules\
[4mmongoose[24m\lib\document.js:2672:5
[90m)[39m
        at model.validateBeforeSave [90
m(D:\projects\packages\mongokit\[39mnod
e_modules\[4mmongoose[24m\lib\plugins\
validateBeforeSave.js:34:7[90m)[39m
        at Kareem.execPre [90m(D:\proje
cts\packages\mongokit\[39mnode_modules\
[4mkareem[24m\index.js:65:24[90m)[39
m
        at model.$__save [90m(D:\projec
ts\packages\mongokit\[39mnode_modules\
[4mmongoose[24m\lib\model.js:369:5[90m
)[39m
        at model.save [90m(D:\projects\
packages\mongokit\[39mnode_modules\[4m
mongoose[24m\lib\model.js:609:5[90m)[
39m
        at [90mD:\projects\packages\mon
gokit\[39mnode_modules\[4mmongoose[24
m\lib\model.js:2714:9 {
      properties: [36m[Object][39m,
      kind: [32m'required'[39m,
      path: [32m'description'[39m,
      value: [90mundefined[39m,
      reason: [90mundefined[39m,
      [[32mSymbol(mongoose#validatorErr
or)[39m]: [33mtrue[39m
    },
    name: ValidatorError: Path `name` 
is required.
        at SchemaString.doValidate [90m
(D:\projects\packages\mongokit\[39mnode
_modules\[4mmongoose[24m\lib\schemaTyp
e.js:1425:13[90m)[39m
        at validatePath [90m(D:\project
s\packages\mongokit\[39mnode_modules\[
4mmongoose[24m\lib\document.js:3146:24
[90m)[39m
        at model.$__validate [90m(D:\pr
ojects\packages\mongokit\[39mnode_modul
es\[4mmongoose[24m\lib\document.js:309
2:21[90m)[39m
    [90m    at 
processTicksAndRejections (node:internal
/process/task_queues:105:5)[39m
        at model.validate [90m(D:\proje
cts\packages\mongokit\[39mnode_modules\
[4mmongoose[24m\lib\document.js:2672:5
[90m)[39m
        at model.validateBeforeSave [90
m(D:\projects\packages\mongokit\[39mnod
e_modules\[4mmongoose[24m\lib\plugins\
validateBeforeSave.js:34:7[90m)[39m
        at Kareem.execPre [90m(D:\proje
cts\packages\mongokit\[39mnode_modules\
[4mkareem[24m\index.js:65:24[90m)[39
m
        at model.$__save [90m(D:\projec
ts\packages\mongokit\[39mnode_modules\
[4mmongoose[24m\lib\model.js:369:5[90m
)[39m
        at model.save [90m(D:\projects\
packages\mongokit\[39mnode_modules\[4m
mongoose[24m\lib\model.js:609:5[90m)[
39m
        at [90mD:\projects\packages\mon
gokit\[39mnode_modules\[4mmongoose[24
m\lib\model.js:2714:9 {
      properties: [36m[Object][39m,
      kind: [32m'required'[39m,
      path: [32m'name'[39m,
      value: [90mundefined[39m,
      reason: [90mundefined[39m,
      [[32mSymbol(mongoose#validatorErr
or)[39m]: [33mtrue[39m
    }
  },
  _message: [32m'Product validation 
failed'[39m
}

[90mstderr[2m | 
tests/baseController.test.ts[2m > 
[22m[2mBaseController - 
Framework-Agnostic CRUD[2m > 
[22m[2mMulti-Tenant Support[2m > 
[22m[2mshould filter by 
organizationId in list
[22m[39m[BaseController] Error in 
list: TypeError: this.repository.getAll 
is not a function
    at ProductController.list [90m(D:\p
rojects\packages\mongokit\[39mexamples\
api\baseController.js:68:44[90m)[39m
    at [90mD:\projects\packages\mongoki
t\[39mtests\baseController.test.ts:368:
41
[90m    at processTicksAndRejections (n
ode:internal/process/task_queues:105:5)
[39m
    at [90mfile:///D:/projects/packages
/mongokit/[39mnode_modules/[4m@vitest
[24m/runner/dist/chunk-hooks.js:752:20

[90mstderr[2m | 
tests/baseController.test.ts[2m > 
[22m[2mBaseController - 
Framework-Agnostic CRUD[2m > 
[22m[2mLookup Sanitization[2m > 
[22m[2mshould allow lookups from 
allowlist
[22m[39m[BaseController] Error in 
list: TypeError: this.repository.getAll 
is not a function
    at ProductController.list [90m(D:\p
rojects\packages\mongokit\[39mexamples\
api\baseController.js:68:44[90m)[39m
    at [90mD:\projects\packages\mongoki
t\[39mtests\baseController.test.ts:394:
41
    at [90mfile:///D:/projects/packages
/mongokit/[39mnode_modules/[4m@vitest
[24m/runner/dist/chunk-hooks.js:155:11
    at [90mfile:///D:/projects/packages
/mongokit/[39mnode_modules/[4m@vitest
[24m/runner/dist/chunk-hooks.js:752:26
    at [90mfile:///D:/projects/packages
/mongokit/[39mnode_modules/[4m@vitest
[24m/runner/dist/chunk-hooks.js:1897:20
    at new Promise (<anonymous>)
    at runWithTimeout [90m(file:///D:/p
rojects/packages/mongokit/[39mnode_modu
les/[4m@vitest[24m/runner/dist/chunk-h
ooks.js:1863:10[90m)[39m
    at runTest [90m(file:///D:/projects
/packages/mongokit/[39mnode_modules/[4
m@vitest[24m/runner/dist/chunk-hooks.js
:1574:12[90m)[39m
[90m    at processTicksAndRejections (n
ode:internal/process/task_queues:105:5)
[39m
    at runSuite [90m(file:///D:/project
s/packages/mongokit/[39mnode_modules/[
4m@vitest[24m/runner/dist/chunk-hooks.j
s:1729:8[90m)[39m

[90mstderr[2m | 
tests/baseController.test.ts[2m > 
[22m[2mBaseController - 
Framework-Agnostic CRUD[2m > 
[22m[2mLookup Sanitization[2m > 
[22m[2mshould block lookups not in 
allowlist
[22m[39m[BaseController] Blocked 
lookup: collection "users" not in 
allowlist
[BaseController] Error in list: 
TypeError: this.repository.getAll is 
not a function
    at ProductController.list [90m(D:\p
rojects\packages\mongokit\[39mexamples\
api\baseController.js:68:44[90m)[39m
    at [90mD:\projects\packages\mongoki
t\[39mtests\baseController.test.ts:417:
41
    at [90mfile:///D:/projects/packages
/mongokit/[39mnode_modules/[4m@vitest
[24m/runner/dist/chunk-hooks.js:155:11
    at [90mfile:///D:/projects/packages
/mongokit/[39mnode_modules/[4m@vitest
[24m/runner/dist/chunk-hooks.js:752:26
    at [90mfile:///D:/projects/packages
/mongokit/[39mnode_modules/[4m@vitest
[24m/runner/dist/chunk-hooks.js:1897:20
    at new Promise (<anonymous>)
    at runWithTimeout [90m(file:///D:/p
rojects/packages/mongokit/[39mnode_modu
les/[4m@vitest[24m/runner/dist/chunk-h
ooks.js:1863:10[90m)[39m
    at runTest [90m(file:///D:/projects
/packages/mongokit/[39mnode_modules/[4
m@vitest[24m/runner/dist/chunk-hooks.js
:1574:12[90m)[39m
[90m    at processTicksAndRejections (n
ode:internal/process/task_queues:105:5)
[39m
 [31mΓ¥»[39m tests/baseController.test.ts [2m([22m[2m19 tests[22m[2m | [22m[31m16 failed[39m[2m)[22m[32m 102[2mms[22m[39m
[31m   [31m├ù[31m BaseController - Framework-Agnostic CRUD[2m > [22mBasic CRUD Operations[2m > [22mshould create a new product[39m[32m 22[2mms[22m[39m
[31m     ΓåÆ expected false to be true // Object.is equality[39m
[31m   [31m├ù[31m BaseController - Framework-Agnostic CRUD[2m > [22mBasic CRUD Operations[2m > [22mshould list products with pagination[39m[32m 8[2mms[22m[39m
[31m     ΓåÆ expected false to be true // Object.is equality[39m
[31m   [31m├ù[31m BaseController - Framework-Agnostic CRUD[2m > [22mBasic CRUD Operations[2m > [22mshould get product by ID[39m[32m 3[2mms[22m[39m
[31m     ΓåÆ expected false to be true // Object.is equality[39m
[31m   [31m├ù[31m BaseController - Framework-Agnostic CRUD[2m > [22mBasic CRUD Operations[2m > [22mshould return 404 for non-existent product[39m[32m 2[2mms[22m[39m
[31m     ΓåÆ expected 500 to be 404 // Object.is equality[39m
[31m   [31m├ù[31m BaseController - Framework-Agnostic CRUD[2m > [22mBasic CRUD Operations[2m > [22mshould update a product[39m[32m 2[2mms[22m[39m
[31m     ΓåÆ expected false to be true // Object.is equality[39m
[31m   [31m├ù[31m BaseController - Framework-Agnostic CRUD[2m > [22mBasic CRUD Operations[2m > [22mshould delete a product[39m[32m 3[2mms[22m[39m
[31m     ΓåÆ expected false to be true // Object.is equality[39m
[31m   [31m├ù[31m BaseController - Framework-Agnostic CRUD[2m > [22mSystem-Managed Field Protection[2m > [22mshould block system-managed fields on create[39m[32m 3[2mms[22m[39m
[31m     ΓåÆ expected false to be true // Object.is equality[39m
[31m   [31m├ù[31m BaseController - Framework-Agnostic CRUD[2m > [22mSystem-Managed Field Protection[2m > [22mshould block system-managed fields on update[39m[32m 2[2mms[22m[39m
[31m     ΓåÆ expected false to be true // Object.is equality[39m
    at runSuite [90m(file:///D:/project
s/packages/mongokit/[39mnode_modules/[
4m@vitest[24m/runner/dist/chunk-hooks.j
s:1729:8[90m)[39m

[90mstderr[2m | 
tests/baseController.test.ts[2m > 
[22m[2mBaseController - 
Framework-Agnostic CRUD[2m > 
[22m[2mLookup Sanitization[2m > 
[22m[2mshould enforce field-level 
allowlists
[22m[39m[BaseController] Blocked 
lookup: localField "secretField" not in 
allowlist for "categories"
[BaseController] Error in list: 
TypeError: this.repository.getAll is 
not a function
    at ProductController.list [90m(D:\p
rojects\packages\mongokit\[39mexamples\
api\baseController.js:68:44[90m)[39m
    at [90mD:\projects\packages\mongoki
t\[39mtests\baseController.test.ts:439:
41
    at [90mfile:///D:/projects/packages
/mongokit/[39mnode_modules/[4m@vitest
[24m/runner/dist/chunk-hooks.js:155:11
    at [90mfile:///D:/projects/packages
/mongokit/[39mnode_modules/[4m@vitest
[24m/runner/dist/chunk-hooks.js:752:26
    at [90mfile:///D:/projects/packages
/mongokit/[39mnode_modules/[4m@vitest
[24m/runner/dist/chunk-hooks.js:1897:20
    at new Promise (<anonymous>)
    at runWithTimeout [90m(file:///D:/p
rojects/packages/mongokit/[39mnode_modu
les/[4m@vitest[24m/runner/dist/chunk-h
ooks.js:1863:10[90m)[39m
    at runTest [90m(file:///D:/projects
/packages/mongokit/[39mnode_modules/[4
m@vitest[24m/runner/dist/chunk-hooks.js
:1574:12[90m)[39m
[90m    at processTicksAndRejections (n
ode:internal/process/task_queues:105:5)
[39m
    at runSuite [90m(file:///D:/project
s/packages/mongokit/[39mnode_modules/[
4m@vitest[24m/runner/dist/chunk-hooks.j
s:1729:8[90m)[39m

[90mstderr[2m | 
tests/baseController.test.ts[2m > 
[22m[2mBaseController - 
Framework-Agnostic CRUD[2m > 
[22m[2mController Extension[2m > 
[22m[2mshould allow adding custom 
methods
[22m[39m[BaseController] Error in 
list: TypeError: this.repository.getAll 
is not a function
    at ExtendedProductController.list [
90m(D:\projects\packages\mongokit\[39me
xamples\api\baseController.js:68:44[90m
)[39m
    at 
ExtendedProductController.getFeatured [
90m(D:\projects\packages\mongokit\[39mt
ests\baseController.test.ts:109:17[90m)
[39m
    at [90mD:\projects\packages\mongoki
t\[39mtests\baseController.test.ts:484:
41
[90m    at processTicksAndRejections (n
ode:internal/process/task_queues:105:5)
[39m
    at [90mfile:///D:/projects/packages
/mongokit/[39mnode_modules/[4m@vitest
[24m/runner/dist/chunk-hooks.js:752:20

[90mstderr[2m | 
tests/baseController.test.ts[2m > 
[22m[2mBaseController - 
Framework-Agnostic CRUD[2m > 
[22m[2mError Handling[2m > 
[22m[2mshould handle database errors 
gracefully
[22m[39m[BaseController] Error in 
get: TypeError: this.repository.getById 
is not a function
    at ProductController.get [90m(D:\pr
ojects\packages\mongokit\[39mexamples\a
pi\baseController.js:99:43[90m)[39m
    at [90mD:\projects\packages\mongoki
t\[39mtests\baseController.test.ts:520:
41
    at [90mfile:///D:/projects/packages
/mongokit/[39mnode_modules/[4m@vitest
[24m/runner/dist/chunk-hooks.js:155:11
    at [90mfile:///D:/projects/packages
/mongokit/[39mnode_modules/[4m@vitest
[24m/runner/dist/chunk-hooks.js:752:26
    at [90mfile:///D:/projects/packages
/mongokit/[39mnode_modules/[4m@vitest
[24m/runner/dist/chunk-hooks.js:1897:20
    at new Promise (<anonymous>)
    at runWithTimeout [90m(file:///D:/p
rojects/packages/mongokit/[39mnode_modu
les/[4m@vitest[24m/runner/dist/chunk-h
ooks.js:1863:10[90m)[39m
    at runTest [90m(file:///D:/projects
/packages/mongokit/[39mnode_modules/[4
m@vitest[24m/runner/dist/chunk-hooks.js
:1574:12[90m)[39m
[90m    at processTicksAndRejections (n
ode:internal/process/task_queues:105:5)
[39m
    at runSuite [90m(file:///D:/project
s/packages/mongokit/[39mnode_modules/[
4m@vitest[24m/runner/dist/chunk-hooks.j
s:1729:8[90m)[39m

[90mstderr[2m | 
tests/baseController.test.ts[2m > 
[22m[2mBaseController - 
Framework-Agnostic CRUD[2m > 
[22m[2mFiltering and Sorting[2m > 
[22m[2mshould filter products by 
status
[22m[39m[BaseController] Error in 
list: TypeError: this.repository.getAll 
is not a function
    at ProductController.list [90m(D:\p
rojects\packages\mongokit\[39mexamples\
api\baseController.js:68:44[90m)[39m
    at [90mD:\projects\packages\mongoki
t\[39mtests\baseController.test.ts:548:
41
    at [90mfile:///D:/projects/packages
/mongokit/[39mnode_modules/[4m@vitest
[24m/runner/dist/chunk-hooks.js:155:11
    at [90mfile:///D:/projects/packages
/mongokit/[39mnode_modules/[4m@vitest
[24m/runner/dist/chunk-hooks.js:752:26
    at [90mfile:///D:/projects/packages
/mongokit/[39mnode_modules/[4m@vitest
[24m/runner/dist/chunk-hooks.js:1897:20
    at new Promise (<anonymous>)
    at runWithTimeout [90m(file:///D:/p
rojects/packages/mongokit/[39mnode_modu
les/[4m@vitest[24m/runner/dist/chunk-h
ooks.js:1863:10[90m)[39m
    at runTest [90m(file:///D:/projects
/packages/mongokit/[39mnode_modules/[4
m@vitest[24m/runner/dist/chunk-hooks.js
:1574:12[90m)[39m
[90m    at processTicksAndRejections (n
ode:internal/process/task_queues:105:5)
[39m
    at runSuite [90m(file:///D:/project
s/packages/mongokit/[39mnode_modules/[
4m@vitest[24m/runner/dist/chunk-hooks.j
s:1729:8[90m)[39m

[90mstderr[2m | 
tests/baseController.test.ts[2m > 
[22m[2mBaseController - 
Framework-Agnostic CRUD[2m > 
[22m[2mFiltering and Sorting[2m > 
[22m[2mshould sort products by price
[22m[39m[BaseController] Error in 
list: TypeError: this.repository.getAll 
is not a function
    at ProductController.list [90m(D:\p
rojects\packages\mongokit\[39mexamples\
api\baseController.js:68:44[90m)[39m
    at [90mD:\projects\packages\mongoki
t\[39mtests\baseController.test.ts:567:
41
    at [90mfile:///D:/projects/packages
/mongokit/[39mnode_modules/[4m@vitest
[24m/runner/dist/chunk-hooks.js:155:11
    at [90mfile:///D:/projects/packages
/mongokit/[39mnode_modules/[4m@vitest
[24m/runner/dist/chunk-hooks.js:752:26
    at [90mfile:///D:/projects/packages
/mongokit/[39mnode_modules/[4m@vitest
[24m/runner/dist/chunk-hooks.js:1897:20
    at new Promise (<anonymous>)
    at runWithTimeout [90m(file:///D:/p
rojects/packages/mongokit/[39mnode_modu
les/[4m@vitest[24m/runner/dist/chunk-h
ooks.js:1863:10[90m)[39m
    at runTest [90m(file:///D:/projects
/packages/mongokit/[39mnode_modules/[4
m@vitest[24m/runner/dist/chunk-hooks.js
:1574:12[90m)[39m
[90m    at processTicksAndRejections (n
ode:internal/process/task_queues:105:5)
[39m
    at runSuite [90m(file:///D:/project
s/packages/mongokit/[39mnode_modules/[
4m@vitest[24m/runner/dist/chunk-hooks.j
s:1729:8[90m)[39m

[31m   [31m├ù[31m BaseController - Framework-Agnostic CRUD[2m > [22mMulti-Tenant Support[2m > [22mshould inject organizationId from context on create[39m[32m 3[2mms[22m[39m
[31m     ΓåÆ expected false to be true // Object.is equality[39m
[31m   [31m├ù[31m BaseController - Framework-Agnostic CRUD[2m > [22mMulti-Tenant Support[2m > [22mshould filter by organizationId in list[39m[32m 2[2mms[22m[39m
[31m     ΓåÆ expected false to be true // Object.is equality[39m
[31m   [31m├ù[31m BaseController - Framework-Agnostic CRUD[2m > [22mLookup Sanitization[2m > [22mshould allow lookups from allowlist[39m[32m 1[2mms[22m[39m
[31m     ΓåÆ expected false to be true // Object.is equality[39m
[31m   [31m├ù[31m BaseController - Framework-Agnostic CRUD[2m > [22mLookup Sanitization[2m > [22mshould block lookups not in allowlist[39m[32m 1[2mms[22m[39m
[31m     ΓåÆ expected false to be true // Object.is equality[39m
[31m   [31m├ù[31m BaseController - Framework-Agnostic CRUD[2m > [22mLookup Sanitization[2m > [22mshould enforce field-level allowlists[39m[32m 1[2mms[22m[39m
[31m     ΓåÆ expected false to be true // Object.is equality[39m
   [32mΓ£ô[39m BaseController - Framework-Agnostic CRUD[2m > [22mController Extension[2m > [22mshould allow extending and overriding methods[32m 1[2mms[22m[39m
[31m   [31m├ù[31m BaseController - Framework-Agnostic CRUD[2m > [22mController Extension[2m > [22mshould allow adding custom methods[39m[32m 2[2mms[22m[39m
[31m     ΓåÆ expected false to be true // Object.is equality[39m
   [32mΓ£ô[39m BaseController - Framework-Agnostic CRUD[2m > [22mError Handling[2m > [22mshould return 400 when ID is missing[32m 1[2mms[22m[39m
   [32mΓ£ô[39m BaseController - Framework-Agnostic CRUD[2m > [22mError Handling[2m > [22mshould handle database errors gracefully[32m 1[2mms[22m[39m
[31m   [31m├ù[31m BaseController - Framework-Agnostic CRUD[2m > [22mFiltering and Sorting[2m > [22mshould filter products by status[39m[32m 2[2mms[22m[39m
[31m     ΓåÆ expected false to be true // Object.is equality[39m
[31m   [31m├ù[31m BaseController - Framework-Agnostic CRUD[2m > [22mFiltering and Sorting[2m > [22mshould sort products by price[39m[32m 2[2mms[22m[39m
[31m     ΓåÆ expected false to be true // Object.is equality[39m
 [32mΓ£ô[39m tests/transaction.test.ts [2m([22m[2m7 tests[22m[2m)[22m[33m 1753[2mms[22m[39m
 [32mΓ£ô[39m tests/transaction-edge-cases.test.ts [2m([22m[2m8 tests[22m[2m)[22m[33m 1378[2mms[22m[39m
 [32mΓ£ô[39m tests/plugin-interactions.test.ts [2m([22m[2m6 tests[22m[2m)[22m[33m 391[2mms[22m[39m
 [32mΓ£ô[39m tests/plugin-types-integration.test.ts [2m([22m[2m13 tests[22m[2m)[22m[33m 441[2mms[22m[39m
[90mstderr[2m | 
tests/pagination.test.ts[2m > 
[22m[2mPagination[2m > 
[22m[2mKeyset Pagination[2m > 
[22m[2mshould apply filters with 
keyset pagination
[22m[39m[mongokit] Keyset pagination 
with filters [status] and sort 
[createdAt, _id] requires a compound 
index for O(1) performance. Ensure 
index exists: { status: 1, createdAt: 
-1, _id: -1 }

 [32mΓ£ô[39m tests/pagination.test.ts [2m([22m[2m38 tests[22m[2m)[22m[33m 459[2mms[22m[39m
 [32mΓ£ô[39m tests/plugin-edge-cases.test.ts [2m([22m[2m51 tests[22m[2m)[22m[33m 534[2mms[22m[39m
 [32mΓ£ô[39m tests/mongoose9-compat.test.ts [2m([22m[2m21 tests[22m[2m)[22m[33m 473[2mms[22m[39m
 [32mΓ£ô[39m tests/plugins.test.ts [2m([22m[2m41 tests[22m[2m)[22m[33m 646[2mms[22m[39m
[90mstderr[2m | 
tests/safety.test.ts[2m > 
[22m[2mSafety & Security Tests[2m > 
[22m[2mQuery Parser - Security[2m > 
[22m[2mshould block dangerous NoSQL 
injection operators
[22m[39m[mongokit] Blocked dangerous 
operator: $where
[mongokit] Blocked dangerous operator: 
$where

[90mstderr[2m | 
tests/safety.test.ts[2m > 
[22m[2mSafety & Security Tests[2m > 
[22m[2mQuery Parser - Security[2m > 
[22m[2mshould handle regex DoS 
prevention - long patterns
[22m[39m[mongokit] Regex pattern too 
long, truncating

[90mstderr[2m | 
tests/safety.test.ts[2m > 
[22m[2mSafety & Security Tests[2m > 
[22m[2mQuery Parser - Security[2m > 
[22m[2mshould truncate very long 
search queries
[22m[39m[mongokit] Search query too 
long, truncating

 [32mΓ£ô[39m tests/safety.test.ts [2m([22m[2m41 tests[22m[2m | [22m[33m2 skipped[39m[2m)[22m[33m 534[2mms[22m[39m
 [32mΓ£ô[39m tests/multi-tenant-observability.test.ts [2m([22m[2m28 tests[22m[2m)[22m[33m 549[2mms[22m[39m
 [32mΓ£ô[39m tests/plugin-types.test.ts [2m([22m[2m21 tests[22m[2m)[22m[33m 652[2mms[22m[39m
 [32mΓ£ô[39m tests/repository.test.ts [2m([22m[2m28 tests[22m[2m)[22m[33m 730[2mms[22m[39m
 [32mΓ£ô[39m tests/cache.test.ts [2m([22m[2m13 tests[22m[2m)[22m[33m 922[2mms[22m[39m
 [32mΓ£ô[39m tests/repository.advanced.test.ts [2m([22m[2m17 tests[22m[2m)[22m[33m 745[2mms[22m[39m
 [32mΓ£ô[39m tests/hooks.advanced.test.ts [2m([22m[2m12 tests[22m[2m)[22m[33m 697[2mms[22m[39m
 [32mΓ£ô[39m tests/repository.populateOptions.test.ts [2m([22m[2m12 tests[22m[2m)[22m[33m 689[2mms[22m[39m
 [32mΓ£ô[39m tests/hooks.test.ts [2m([22m[2m2 tests[22m[2m)[22m[33m 645[2mms[22m[39m
 [32mΓ£ô[39m tests/custom-id.test.ts [2m([22m[2m22 tests[22m[2m)[22m[33m 706[2mms[22m[39m
 [32mΓ£ô[39m tests/vector.test.ts [2m([22m[2m29 tests[22m[2m)[22m[33m 661[2mms[22m[39m
 [32mΓ£ô[39m tests/utils.test.ts [2m([22m[2m63 tests[22m[2m)[22m[32m 6[2mms[22m[39m
[90mstderr[2m | 
tests/governance.test.ts[2m > 
[22m[2mNew Pagination and Query 
Governance[2m > [22m[2mdrops 
unallowed sort fields in QueryParser
[22m[39m[mongokit] Blocked sort field 
not in allowlist: description
[mongokit] Blocked sort field not in 
allowlist: id

[90mstderr[2m | 
tests/governance.test.ts[2m > 
[22m[2mNew Pagination and Query 
Governance[2m > [22m[2mreturns 
undefined when all sort fields are 
blocked
[22m[39m[mongokit] Blocked sort field 
not in allowlist: description

[90mstderr[2m | 
tests/governance.test.ts[2m > 
[22m[2mNew Pagination and Query 
Governance[2m > [22m[2mdrops 
unallowed sort fields when sort is an 
object
[22m[39m[mongokit] Blocked sort field 
not in allowlist: description
[mongokit] Blocked sort field not in 
allowlist: id

[90mstderr[2m | 
tests/governance.test.ts[2m > 
[22m[2mNew Pagination and Query 
Governance[2m > [22m[2mreturns 
undefined when all object sort fields 
are blocked
[22m[39m[mongokit] Blocked sort field 
not in allowlist: description
[mongokit] Blocked sort field not in 
allowlist: id

 [32mΓ£ô[39m tests/governance.test.ts [2m([22m[2m15 tests[22m[2m)[22m[32m 5[2mms[22m[39m
 [32mΓ£ô[39m tests/jsonSchema.generation.test.ts [2m([22m[2m17 tests[22m[2m)[22m[32m 4[2mms[22m[39m
[90mstderr[2m | 
tests/lookupBuilder.test.ts[2m > 
[22m[2mLookupBuilder[2m > 
[22m[2mPipeline Form[2m > 
[22m[2mshould build with let variables
[22m[39m[mongokit] Blocked dangerous 
operator in lookup pipeline: $expr

[90mstderr[2m | 
tests/lookupBuilder.test.ts[2m > 
[22m[2mLookupBuilder - Pipeline 
Sanitization[2m > [22m[2mshould 
block $out stage
[22m[39m[mongokit] Blocked dangerous 
pipeline stage in lookup: $out

[90mstderr[2m | 
tests/lookupBuilder.test.ts[2m > 
[22m[2mLookupBuilder - Pipeline 
Sanitization[2m > [22m[2mshould 
block $merge stage
[22m[39m[mongokit] Blocked dangerous 
pipeline stage in lookup: $merge

[90mstderr[2m | 
tests/lookupBuilder.test.ts[2m > 
[22m[2mLookupBuilder - Pipeline 
Sanitization[2m > [22m[2mshould 
block $unionWith stage
[22m[39m[mongokit] Blocked dangerous 
pipeline stage in lookup: $unionWith

[90mstderr[2m | 
tests/lookupBuilder.test.ts[2m > 
[22m[2mLookupBuilder - Pipeline 
Sanitization[2m > [22m[2mshould 
block $collStats stage
[22m[39m[mongokit] Blocked dangerous 
pipeline stage in lookup: $collStats

[90mstderr[2m | 
tests/lookupBuilder.test.ts[2m > 
[22m[2mLookupBuilder - Pipeline 
Sanitization[2m > [22m[2mshould 
block $currentOp stage
[22m[39m[mongokit] Blocked dangerous 
pipeline stage in lookup: $currentOp

[90mstderr[2m | 
tests/lookupBuilder.test.ts[2m > 
[22m[2mLookupBuilder - Pipeline 
Sanitization[2m > [22m[2mshould 
block $listSessions stage
[22m[39m[mongokit] Blocked dangerous 
pipeline stage in lookup: $listSessions

[90mstderr[2m | 
tests/lookupBuilder.test.ts[2m > 
[22m[2mLookupBuilder - Pipeline 
Sanitization[2m > [22m[2mshould 
block $where inside $match
[22m[39m[mongokit] Blocked dangerous 
operator in lookup pipeline: $where

[90mstderr[2m | 
tests/lookupBuilder.test.ts[2m > 
[22m[2mLookupBuilder - Pipeline 
Sanitization[2m > [22m[2mshould 
block $function inside $addFields
[22m[39m[mongokit] Blocked dangerous 
operator in lookup pipeline: $function

[90mstderr[2m | 
tests/lookupBuilder.test.ts[2m > 
[22m[2mLookupBuilder - Pipeline 
Sanitization[2m > [22m[2mshould 
block $accumulator inside $set
[22m[39m[mongokit] Blocked dangerous 
operator in lookup pipeline: 
$accumulator

[90mstderr[2m | 
tests/lookupBuilder.test.ts[2m > 
[22m[2mLookupBuilder - Pipeline 
Sanitization[2m > [22m[2mshould 
recursively sanitize nested dangerous 
operators
[22m[39m[mongokit] Blocked dangerous 
operator in lookup pipeline: $where

[90mstderr[2m | 
tests/lookupBuilder.test.ts[2m > 
[22m[2mLookupBuilder - Pipeline 
Sanitization[2m > [22m[2mshould 
sanitize pipelines in 
LookupBuilder.build()
[22m[39m[mongokit] Blocked dangerous 
pipeline stage in lookup: $out

 [32mΓ£ô[39m tests/lookupBuilder.test.ts [2m([22m[2m24 tests[22m[2m)[22m[32m 3[2mms[22m[39m
[90mstderr[2m | 
tests/queryParser.security.test.ts[2m 
> [22m[2mQueryParser - ReDoS 
Protection[2m > [22m[2mshould 
sanitize field[regex] operator
[22m[39m[mongokit] Potentially 
dangerous regex pattern, escaping

[90mstderr[2m | 
tests/queryParser.security.test.ts[2m 
> [22m[2mQueryParser - ReDoS 
Protection[2m > [22m[2mshould 
sanitize contains operator with 
dangerous pattern
[22m[39m[mongokit] Potentially 
dangerous regex pattern, escaping

[90mstderr[2m | 
tests/queryParser.security.test.ts[2m 
> [22m[2mQueryParser - ReDoS 
Protection[2m > [22m[2mshould 
truncate overly long regex patterns
[22m[39m[mongokit] Regex pattern too 
long, truncating

[90mstderr[2m | 
tests/queryParser.security.test.ts[2m 
> [22m[2mQueryParser - ReDoS 
Protection[2m > [22m[2mshould detect 
quantifier-based ReDoS patterns
[22m[39m[mongokit] Potentially 
dangerous regex pattern, escaping
[mongokit] Potentially dangerous regex 
pattern, escaping
[mongokit] Potentially dangerous regex 
pattern, escaping
[mongokit] Potentially dangerous regex 
pattern, escaping
[mongokit] Potentially dangerous regex 
pattern, escaping

[90mstderr[2m | 
tests/queryParser.security.test.ts[2m 
> [22m[2mQueryParser - ReDoS 
Protection[2m > [22m[2mshould escape 
special regex characters correctly
[22m[39m[mongokit] Potentially 
dangerous regex pattern, escaping

[90mstderr[2m | 
tests/queryParser.security.test.ts[2m 
> [22m[2mQueryParser - Operator 
Sanitization[2m > [22m[2mshould 
block $where operator
[22m[39m[mongokit] Blocked dangerous 
operator: $where

[90mstderr[2m | 
tests/queryParser.security.test.ts[2m 
> [22m[2mQueryParser - Operator 
Sanitization[2m > [22m[2mshould 
block $where via bracket syntax
[22m[39m[mongokit] Blocked dangerous 
operator: $where

[90mstderr[2m | 
tests/queryParser.security.test.ts[2m 
> [22m[2mQueryParser - Operator 
Sanitization[2m > [22m[2mshould 
block other dangerous operators
[22m[39m[mongokit] Blocked dangerous 
operator: $function
[mongokit] Blocked dangerous operator: 
$accumulator
[mongokit] Blocked dangerous operator: 
$expr

[90mstderr[2m | 
tests/queryParser.security.test.ts[2m 
> [22m[2mQueryParser - Lookup 
Pipeline Security[2m > [22m[2mshould 
sanitize dangerous stages in lookup 
pipeline
[22m[39m[mongokit] Blocked dangerous 
pipeline stage in lookup: $out

[90mstderr[2m | 
tests/queryParser.security.test.ts[2m 
> [22m[2mQueryParser - Lookup 
Pipeline Security[2m > [22m[2mshould 
sanitize dangerous operators in lookup 
pipeline $match
[22m[39m[mongokit] Blocked dangerous 
operator in aggregation: $where

[90mstderr[2m | 
tests/queryParser.security.test.ts[2m 
> [22m[2mQueryParser - Lookup 
Collection Whitelist[2m > 
[22m[2mshould enforce collection 
whitelist
[22m[39m[mongokit] Blocked lookup to 
disallowed collection: admin_secrets

 [32mΓ£ô[39m tests/queryParser.security.test.ts [2m([22m[2m17 tests[22m[2m)[22m[32m 3[2mms[22m[39m
[90mstderr[2m | tests/queryParser.sear
chMode.test.ts[2m > 
[22m[2mQueryParser - searchMode[2m > 
[22m[2msearchMode: regex[2m > 
[22m[2mshould escape special regex 
characters in search term
[22m[39m[mongokit] Potentially 
dangerous regex pattern, escaping

[90mstderr[2m | tests/queryParser.sear
chMode.test.ts[2m > 
[22m[2mQueryParser - searchMode[2m > 
[22m[2msearchMode: regex[2m > 
[22m[2mshould truncate long search 
queries
[22m[39m[mongokit] Search query too 
long, truncating

[90mstderr[2m | tests/queryParser.sear
chMode.test.ts[2m > 
[22m[2mQueryParser - searchMode[2m > 
[22m[2msearchMode: regex - 
validation[2m > [22m[2mshould 
fallback to text mode when searchFields 
is missing
[22m[39m[mongokit] searchMode "regex" 
requires searchFields to be specified. 
Falling back to "text" mode.

[90mstderr[2m | tests/queryParser.sear
chMode.test.ts[2m > 
[22m[2mQueryParser - searchMode[2m > 
[22m[2msearchMode: regex - 
validation[2m > [22m[2mshould 
fallback to text mode when searchFields 
is empty array
[22m[39m[mongokit] searchMode "regex" 
requires searchFields to be specified. 
Falling back to "text" mode.

 [32mΓ£ô[39m tests/queryParser.searchMode.test.ts [2m([22m[2m19 tests[22m[2m)[22m[32m 3[2mms[22m[39m
[90mstderr[2m | 
tests/queryParser.populate.test.ts[2m 
> [22m[2mQueryParser - Populate 
Options[2m > [22m[2mSecurity and 
validation[2m > [22m[2mshould 
sanitize populate path names
[22m[39m[mongokit] Blocked dangerous 
populate path: $where

 [32mΓ£ô[39m tests/queryParser.populate.test.ts [2m([22m[2m20 tests[22m[2m)[22m[32m 2[2mms[22m[39m
[90mstderr[2m | tests/lookupPipeline.s
ecurity.test.ts[2m > 
[22m[2mQueryParser - Lookup Pipeline 
Sanitization[2m > [22m[2mshould 
block $out in lookup pipeline
[22m[39m[mongokit] Blocked dangerous 
pipeline stage in lookup: $out

[90mstderr[2m | tests/lookupPipeline.s
ecurity.test.ts[2m > 
[22m[2mQueryParser - Lookup Pipeline 
Sanitization[2m > [22m[2mshould 
block $merge in lookup pipeline
[22m[39m[mongokit] Blocked dangerous 
pipeline stage in lookup: $merge

[90mstderr[2m | tests/lookupPipeline.s
ecurity.test.ts[2m > 
[22m[2mQueryParser - Lookup Pipeline 
Sanitization[2m > [22m[2mshould 
block $where inside lookup pipeline 
$match
[22m[39m[mongokit] Blocked dangerous 
operator in aggregation: $where

[90mstderr[2m | tests/lookupPipeline.s
ecurity.test.ts[2m > 
[22m[2mQueryParser - Lookup Pipeline 
Sanitization[2m > [22m[2mshould 
block $function inside lookup pipeline 
$addFields
[22m[39m[mongokit] Blocked dangerous 
operator in pipeline expression: 
$function

[90mstderr[2m | tests/lookupPipeline.s
ecurity.test.ts[2m > 
[22m[2mQueryParser - Collection 
Whitelist[2m > [22m[2mshould block 
lookups to non-whitelisted collections
[22m[39m[mongokit] Blocked lookup to 
disallowed collection: secrets

[90mstderr[2m | tests/lookupPipeline.s
ecurity.test.ts[2m > 
[22m[2mQueryParser - Collection 
Whitelist[2m > [22m[2mshould block 
lookups with explicit from to 
non-whitelisted collections
[22m[39m[mongokit] Blocked lookup to 
disallowed collection: secret_collection

[90mstderr[2m | tests/lookupPipeline.s
ecurity.test.ts[2m > 
[22m[2mLookupBuilder - 
sanitizePipeline edge cases[2m > 
[22m[2mshould block multiple 
dangerous stages in sequence
[22m[39m[mongokit] Blocked dangerous 
pipeline stage in lookup: $out
[mongokit] Blocked dangerous pipeline 
stage in lookup: $merge
[mongokit] Blocked dangerous pipeline 
stage in lookup: $unionWith

[90mstderr[2m | tests/lookupPipeline.s
ecurity.test.ts[2m > 
[22m[2mLookupBuilder - 
sanitizePipeline edge cases[2m > 
[22m[2mshould handle deeply nested 
dangerous operators in $match
[22m[39m[mongokit] Blocked dangerous 
operator in lookup pipeline: $where

 [32mΓ£ô[39m tests/lookupPipeline.security.test.ts [2m([22m[2m12 tests[22m[2m)[22m[32m 2[2mms[22m[39m
 [32mΓ£ô[39m tests/elastic.plugin.test.ts [2m([22m[2m4 tests[22m[2m)[22m[32m 2[2mms[22m[39m

[31mΓÄ»ΓÄ»ΓÄ»ΓÄ»ΓÄ»ΓÄ»[39m[1m[41m 
Failed Tests 16 [49m[22m[31mΓÄ»ΓÄ»ΓÄ»
ΓÄ»ΓÄ»ΓÄ»ΓÄ»[39m

[41m[1m FAIL [22m[49m 
tests/baseController.test.ts[2m > 
[22mBaseController - 
Framework-Agnostic CRUD[2m > 
[22mBasic CRUD Operations[2m > 
[22mshould create a new product
[31m[1mAssertionError[22m: expected 
false to be true // Object.is 
equality[39m

[32m- Expected[39m
[31m+ Received[39m

[32m- true[39m
[31m+ false[39m

[36m [2mΓ¥»[22m tests/baseController.
test.ts:[2m149:32[22m[39m
    [90m147| [39m      
[35mconst[39m response [33m=[39m 
[35mawait[39m controller[33m.[39m[3
4mcreate[39m(context)[33m;[39m
    [90m148| [39m
    [90m149| [39m      [34mexpect[39
m(response[33m.[39msuccess)[33m.[39m
[34mtoBe[39m([35mtrue[39m)[33m;[39
m
    [90m   | [39m                     
          [31m^[39m
    [90m150| [39m      [34mexpect[39
m(response[33m.[39mstatus)[33m.[39m
[34mtoBe[39m([34m201[39m)[33m;[39m
    [90m151| [39m      [34mexpect[39
m(response[33m.[39mdata)[33m.[39m[3
4mtoBeDefined[39m()[33m;[39m

[31m[2mΓÄ»ΓÄ»ΓÄ»ΓÄ»ΓÄ»ΓÄ»ΓÄ»ΓÄ»ΓÄ»ΓÄ»Γ
Ä»ΓÄ»ΓÄ»ΓÄ»ΓÄ»ΓÄ»ΓÄ»ΓÄ»ΓÄ»ΓÄ»ΓÄ»ΓÄ»ΓÄ»[1
/16]ΓÄ»[22m[39m

[41m[1m FAIL [22m[49m 
tests/baseController.test.ts[2m > 
[22mBaseController - 
Framework-Agnostic CRUD[2m > 
[22mBasic CRUD Operations[2m > 
[22mshould list products with 
pagination
[31m[1mAssertionError[22m: expected 
false to be true // Object.is 
equality[39m

[32m- Expected[39m
[31m+ Received[39m

[32m- true[39m
[31m+ false[39m

[36m [2mΓ¥»[22m tests/baseController.
test.ts:[2m174:32[22m[39m
    [90m172| [39m      
[35mconst[39m response [33m=[39m 
[35mawait[39m controller[33m.[39m[3
4mlist[39m(context)[33m;[39m
    [90m173| [39m
    [90m174| [39m      [34mexpect[39
m(response[33m.[39msuccess)[33m.[39m
[34mtoBe[39m([35mtrue[39m)[33m;[39
m
    [90m   | [39m                     
          [31m^[39m
    [90m175| [39m      [34mexpect[39
m(response[33m.[39mstatus)[33m.[39m
[34mtoBe[39m([34m200[39m)[33m;[39m
    [90m176| [39m      [34mexpect[39
m(response[33m.[39mdata)[33m.[39m[3
4mtoBeDefined[39m()[33m;[39m

[31m[2mΓÄ»ΓÄ»ΓÄ»ΓÄ»ΓÄ»ΓÄ»ΓÄ»ΓÄ»ΓÄ»ΓÄ»Γ
Ä»ΓÄ»ΓÄ»ΓÄ»ΓÄ»ΓÄ»ΓÄ»ΓÄ»ΓÄ»ΓÄ»ΓÄ»ΓÄ»ΓÄ»[2
/16]ΓÄ»[22m[39m

[41m[1m FAIL [22m[49m 
tests/baseController.test.ts[2m > 
[22mBaseController - 
Framework-Agnostic CRUD[2m > 
[22mBasic CRUD Operations[2m > 
[22mshould get product by ID
[31m[1mAssertionError[22m: expected 
false to be true // Object.is 
equality[39m

[32m- Expected[39m
[31m+ Received[39m

[32m- true[39m
[31m+ false[39m

[36m [2mΓ¥»[22m tests/baseController.
test.ts:[2m198:32[22m[39m
    [90m196| [39m      
[35mconst[39m response [33m=[39m 
[35mawait[39m controller[33m.[39m[3
5mget[39m(context)[33m;[39m
    [90m197| [39m
    [90m198| [39m      [34mexpect[39
m(response[33m.[39msuccess)[33m.[39m
[34mtoBe[39m([35mtrue[39m)[33m;[39
m
    [90m   | [39m                     
          [31m^[39m
    [90m199| [39m      [34mexpect[39
m(response[33m.[39mstatus)[33m.[39m
[34mtoBe[39m([34m200[39m)[33m;[39m
    [90m200| [39m      [34mexpect[39
m(response[33m.[39mdata)[33m.[39m[3
4mtoBeDefined[39m()[33m;[39m

[31m[2mΓÄ»ΓÄ»ΓÄ»ΓÄ»ΓÄ»ΓÄ»ΓÄ»ΓÄ»ΓÄ»ΓÄ»Γ
Ä»ΓÄ»ΓÄ»ΓÄ»ΓÄ»ΓÄ»ΓÄ»ΓÄ»ΓÄ»ΓÄ»ΓÄ»ΓÄ»ΓÄ»[3
/16]ΓÄ»[22m[39m

[41m[1m FAIL [22m[49m 
tests/baseController.test.ts[2m > 
[22mBaseController - 
Framework-Agnostic CRUD[2m > 
[22mBasic CRUD Operations[2m > 
[22mshould return 404 for non-existent 
product
[31m[1mAssertionError[22m: expected 
500 to be 404 // Object.is equality[39m

[32m- Expected[39m
[31m+ Received[39m

[32m- 404[39m
[31m+ 500[39m

[36m [2mΓ¥»[22m tests/baseController.
test.ts:[2m216:31[22m[39m
    [90m214| [39m
    [90m215| [39m      [34mexpect[39
m(response[33m.[39msuccess)[33m.[39m
[34mtoBe[39m([35mfalse[39m)[33m;[3
9m
    [90m216| [39m      [34mexpect[39
m(response[33m.[39mstatus)[33m.[39m
[34mtoBe[39m([34m404[39m)[33m;[39m
    [90m   | [39m                     
         [31m^[39m
    [90m217| [39m      [34mexpect[39
m(response[33m.[39merror)[33m.[39m[
34mtoBe[39m([32m'Resource not 
found'[39m)[33m;[39m
    [90m218| [39m    })[33m;[39m

[31m[2mΓÄ»ΓÄ»ΓÄ»ΓÄ»ΓÄ»ΓÄ»ΓÄ»ΓÄ»ΓÄ»ΓÄ»Γ
Ä»ΓÄ»ΓÄ»ΓÄ»ΓÄ»ΓÄ»ΓÄ»ΓÄ»ΓÄ»ΓÄ»ΓÄ»ΓÄ»ΓÄ»[4
/16]ΓÄ»[22m[39m

[41m[1m FAIL [22m[49m 
tests/baseController.test.ts[2m > 
[22mBaseController - 
Framework-Agnostic CRUD[2m > 
[22mBasic CRUD Operations[2m > 
[22mshould update a product
[31m[1mAssertionError[22m: expected 
false to be true // Object.is 
equality[39m

[32m- Expected[39m
[31m+ Received[39m

[32m- true[39m
[31m+ false[39m

[36m [2mΓ¥»[22m tests/baseController.
test.ts:[2m240:32[22m[39m
    [90m238| [39m      
[35mconst[39m response [33m=[39m 
[35mawait[39m controller[33m.[39m[3
4mupdate[39m(context)[33m;[39m
    [90m239| [39m
    [90m240| [39m      [34mexpect[39
m(response[33m.[39msuccess)[33m.[39m
[34mtoBe[39m([35mtrue[39m)[33m;[39
m
    [90m   | [39m                     
          [31m^[39m
    [90m241| [39m      [34mexpect[39
m(response[33m.[39mstatus)[33m.[39m
[34mtoBe[39m([34m200[39m)[33m;[39m
    [90m242| [39m      [34mexpect[39
m(response[33m.[39mdata[33m![39m[33
m.[39mname)[33m.[39m[34mtoBe[39m([
32m'Updated Product'[39m)[33m;[39m

[31m[2mΓÄ»ΓÄ»ΓÄ»ΓÄ»ΓÄ»ΓÄ»ΓÄ»ΓÄ»ΓÄ»ΓÄ»Γ
Ä»ΓÄ»ΓÄ»ΓÄ»ΓÄ»ΓÄ»ΓÄ»ΓÄ»ΓÄ»ΓÄ»ΓÄ»ΓÄ»ΓÄ»[5
/16]ΓÄ»[22m[39m

[41m[1m FAIL [22m[49m 
tests/baseController.test.ts[2m > 
[22mBaseController - 
Framework-Agnostic CRUD[2m > 
[22mBasic CRUD Operations[2m > 
[22mshould delete a product
[31m[1mAssertionError[22m: expected 
false to be true // Object.is 
equality[39m

[32m- Expected[39m
[31m+ Received[39m

[32m- true[39m
[31m+ false[39m

[36m [2mΓ¥»[22m tests/baseController.
test.ts:[2m263:32[22m[39m
    [90m261| [39m      
[35mconst[39m response [33m=[39m 
[35mawait[39m controller[33m.[39m[3
5mdelete[39m(context)[33m;[39m
    [90m262| [39m
    [90m263| [39m      [34mexpect[39
m(response[33m.[39msuccess)[33m.[39m
[34mtoBe[39m([35mtrue[39m)[33m;[39
m
    [90m   | [39m                     
          [31m^[39m
    [90m264| [39m      [34mexpect[39
m(response[33m.[39mstatus)[33m.[39m
[34mtoBe[39m([34m200[39m)[33m;[39m
    [90m265| [39m      [34mexpect[39
m(response[33m.[39mdata[33m![39m[33
m.[39mmessage)[33m.[39m[34mtoContain
[39m([32m'Deleted'[39m)[33m;[39m

[31m[2mΓÄ»ΓÄ»ΓÄ»ΓÄ»ΓÄ»ΓÄ»ΓÄ»ΓÄ»ΓÄ»ΓÄ»Γ
Ä»ΓÄ»ΓÄ»ΓÄ»ΓÄ»ΓÄ»ΓÄ»ΓÄ»ΓÄ»ΓÄ»ΓÄ»ΓÄ»ΓÄ»[6
/16]ΓÄ»[22m[39m

[41m[1m FAIL [22m[49m 
tests/baseController.test.ts[2m > 
[22mBaseController - 
Framework-Agnostic CRUD[2m > 
[22mSystem-Managed Field 
Protection[2m > [22mshould block 
system-managed fields on create
[31m[1mAssertionError[22m: expected 
false to be true // Object.is 
equality[39m

[32m- Expected[39m
[31m+ Received[39m

[32m- true[39m
[31m+ false[39m

[36m [2mΓ¥»[22m tests/baseController.
test.ts:[2m291:32[22m[39m
    [90m289| [39m      
[35mconst[39m response [33m=[39m 
[35mawait[39m controller[33m.[39m[3
4mcreate[39m(context)[33m;[39m
    [90m290| [39m
    [90m291| [39m      [34mexpect[39
m(response[33m.[39msuccess)[33m.[39m
[34mtoBe[39m([35mtrue[39m)[33m;[39
m
    [90m   | [39m                     
          [31m^[39m
    [90m292| [39m      [34mexpect[39
m(response[33m.[39mdata[33m![39m[33
m.[39mrole)[33m.[39m[34mtoBe[39m([
32m'user'[39m)[33m;[39m [90m// 
Should use default[39m
    [90m293| [39m      [34mexpect[39
m(response[33m.[39mdata[33m![39m[33
m.[39mcredits)[33m.[39m[34mtoBe[39m
([34m0[39m)[33m;[39m [90m// Should 
use default[39m

[31m[2mΓÄ»ΓÄ»ΓÄ»ΓÄ»ΓÄ»ΓÄ»ΓÄ»ΓÄ»ΓÄ»ΓÄ»Γ
Ä»ΓÄ»ΓÄ»ΓÄ»ΓÄ»ΓÄ»ΓÄ»ΓÄ»ΓÄ»ΓÄ»ΓÄ»ΓÄ»ΓÄ»[7
/16]ΓÄ»[22m[39m

[41m[1m FAIL [22m[49m 
tests/baseController.test.ts[2m > 
[22mBaseController - 
Framework-Agnostic CRUD[2m > 
[22mSystem-Managed Field 
Protection[2m > [22mshould block 
system-managed fields on update
[31m[1mAssertionError[22m: expected 
false to be true // Object.is 
equality[39m

[32m- Expected[39m
[31m+ Received[39m

[32m- true[39m
[31m+ false[39m

[36m [2mΓ¥»[22m tests/baseController.
test.ts:[2m319:32[22m[39m
    [90m317| [39m      
[35mconst[39m response [33m=[39m 
[35mawait[39m controller[33m.[39m[3
4mupdate[39m(context)[33m;[39m
    [90m318| [39m
    [90m319| [39m      [34mexpect[39
m(response[33m.[39msuccess)[33m.[39m
[34mtoBe[39m([35mtrue[39m)[33m;[39
m
    [90m   | [39m                     
          [31m^[39m
    [90m320| [39m      [34mexpect[39
m(response[33m.[39mdata[33m![39m[33
m.[39mname)[33m.[39m[34mtoBe[39m([
32m'Updated Name'[39m)[33m;[39m
    [90m321| [39m      expect(response
.data!.role).toBe('user'); // Should 
remain unchaΓÇª

[31m[2mΓÄ»ΓÄ»ΓÄ»ΓÄ»ΓÄ»ΓÄ»ΓÄ»ΓÄ»ΓÄ»ΓÄ»Γ
Ä»ΓÄ»ΓÄ»ΓÄ»ΓÄ»ΓÄ»ΓÄ»ΓÄ»ΓÄ»ΓÄ»ΓÄ»ΓÄ»ΓÄ»[8
/16]ΓÄ»[22m[39m

[41m[1m FAIL [22m[49m 
tests/baseController.test.ts[2m > 
[22mBaseController - 
Framework-Agnostic CRUD[2m > 
[22mMulti-Tenant Support[2m > 
[22mshould inject organizationId from 
context on create
[31m[1mAssertionError[22m: expected 
false to be true // Object.is 
equality[39m

[32m- Expected[39m
[31m+ Received[39m

[32m- true[39m
[31m+ false[39m

[36m [2mΓ¥»[22m tests/baseController.
test.ts:[2m345:32[22m[39m
    [90m343| [39m      
[35mconst[39m response [33m=[39m 
[35mawait[39m controller[33m.[39m[3
4mcreate[39m(context)[33m;[39m
    [90m344| [39m
    [90m345| [39m      [34mexpect[39
m(response[33m.[39msuccess)[33m.[39m
[34mtoBe[39m([35mtrue[39m)[33m;[39
m
    [90m   | [39m                     
          [31m^[39m
    [90m346| [39m      [34mexpect[39
m(response[33m.[39mdata[33m![39m[33
m.[39morganizationId)[33m.[39m[34mto
Be[39m([32m'org-123'[39m)[33m;[39m
    [90m347| [39m    })[33m;[39m

[31m[2mΓÄ»ΓÄ»ΓÄ»ΓÄ»ΓÄ»ΓÄ»ΓÄ»ΓÄ»ΓÄ»ΓÄ»Γ
Ä»ΓÄ»ΓÄ»ΓÄ»ΓÄ»ΓÄ»ΓÄ»ΓÄ»ΓÄ»ΓÄ»ΓÄ»ΓÄ»ΓÄ»[9
/16]ΓÄ»[22m[39m

[41m[1m FAIL [22m[49m 
tests/baseController.test.ts[2m > 
[22mBaseController - 
Framework-Agnostic CRUD[2m > 
[22mMulti-Tenant Support[2m > 
[22mshould filter by organizationId in 
list
[31m[1mAssertionError[22m: expected 
false to be true // Object.is 
equality[39m

[32m- Expected[39m
[31m+ Received[39m

[32m- true[39m
[31m+ false[39m

[36m [2mΓ¥»[22m tests/baseController.
test.ts:[2m370:32[22m[39m
    [90m368| [39m      
[35mconst[39m response [33m=[39m 
[35mawait[39m controller[33m.[39m[3
4mlist[39m(context)[33m;[39m
    [90m369| [39m
    [90m370| [39m      [34mexpect[39
m(response[33m.[39msuccess)[33m.[39m
[34mtoBe[39m([35mtrue[39m)[33m;[39
m
    [90m   | [39m                     
          [31m^[39m
    [90m371| [39m      
[35mconst[39m result [33m=[39m 
response[33m.[39mdata [35mas[39m [3
3mPaginationResult[39m[33m<[39m[33mI
Product[39m[33m>[39m[33m;[39m
    [90m372| [39m      [34mexpect[39
m(result[33m.[39mdocs)[33m.[39m[34m
toHaveLength[39m([34m2[39m)[33m;[39
m

[31m[2mΓÄ»ΓÄ»ΓÄ»ΓÄ»ΓÄ»ΓÄ»ΓÄ»ΓÄ»ΓÄ»ΓÄ»Γ
Ä»ΓÄ»ΓÄ»ΓÄ»ΓÄ»ΓÄ»ΓÄ»ΓÄ»ΓÄ»ΓÄ»ΓÄ»ΓÄ»[10/1
6]ΓÄ»[22m[39m

[41m[1m FAIL [22m[49m 
tests/baseController.test.ts[2m > 
[22mBaseController - 
Framework-Agnostic CRUD[2m > 
[22mLookup Sanitization[2m > 
[22mshould allow lookups from allowlist
[31m[1mAssertionError[22m: expected 
false to be true // Object.is 
equality[39m

[32m- Expected[39m
[31m+ Received[39m

[32m- true[39m
[31m+ false[39m

[36m [2mΓ¥»[22m tests/baseController.
test.ts:[2m396:32[22m[39m
    [90m394| [39m      
[35mconst[39m response [33m=[39m 
[35mawait[39m controller[33m.[39m[3
4mlist[39m(context)[33m;[39m
    [90m395| [39m
    [90m396| [39m      [34mexpect[39
m(response[33m.[39msuccess)[33m.[39m
[34mtoBe[39m([35mtrue[39m)[33m;[39
m
    [90m   | [39m                     
          [31m^[39m
    [90m397| [39m      [90m// No 
error means lookup was allowed[39m
    [90m398| [39m    })[33m;[39m

[31m[2mΓÄ»ΓÄ»ΓÄ»ΓÄ»ΓÄ»ΓÄ»ΓÄ»ΓÄ»ΓÄ»ΓÄ»Γ
Ä»ΓÄ»ΓÄ»ΓÄ»ΓÄ»ΓÄ»ΓÄ»ΓÄ»ΓÄ»ΓÄ»ΓÄ»ΓÄ»[11/1
6]ΓÄ»[22m[39m

[41m[1m FAIL [22m[49m 
tests/baseController.test.ts[2m > 
[22mBaseController - 
Framework-Agnostic CRUD[2m > 
[22mLookup Sanitization[2m > 
[22mshould block lookups not in 
allowlist
[31m[1mAssertionError[22m: expected 
false to be true // Object.is 
equality[39m

[32m- Expected[39m
[31m+ Received[39m

[32m- true[39m
[31m+ false[39m

[36m [2mΓ¥»[22m tests/baseController.
test.ts:[2m419:32[22m[39m
    [90m417| [39m      
[35mconst[39m response [33m=[39m 
[35mawait[39m controller[33m.[39m[3
4mlist[39m(context)[33m;[39m
    [90m418| [39m
    [90m419| [39m      [34mexpect[39
m(response[33m.[39msuccess)[33m.[39m
[34mtoBe[39m([35mtrue[39m)[33m;[39
m
    [90m   | [39m                     
          [31m^[39m
    [90m420| [39m      [90m// Lookup 
should be filtered out (not cause 
error)[39m
    [90m421| [39m    })[33m;[39m

[31m[2mΓÄ»ΓÄ»ΓÄ»ΓÄ»ΓÄ»ΓÄ»ΓÄ»ΓÄ»ΓÄ»ΓÄ»Γ
Ä»ΓÄ»ΓÄ»ΓÄ»ΓÄ»ΓÄ»ΓÄ»ΓÄ»ΓÄ»ΓÄ»ΓÄ»ΓÄ»[12/1
6]ΓÄ»[22m[39m

[41m[1m FAIL [22m[49m 
tests/baseController.test.ts[2m > 
[22mBaseController - 
Framework-Agnostic CRUD[2m > 
[22mLookup Sanitization[2m > 
[22mshould enforce field-level 
allowlists
[31m[1mAssertionError[22m: expected 
false to be true // Object.is 
equality[39m

[32m- Expected[39m
[31m+ Received[39m

[32m- true[39m
[31m+ false[39m

[36m [2mΓ¥»[22m tests/baseController.
test.ts:[2m441:32[22m[39m
    [90m439| [39m      
[35mconst[39m response [33m=[39m 
[35mawait[39m controller[33m.[39m[3
4mlist[39m(context)[33m;[39m
    [90m440| [39m
    [90m441| [39m      [34mexpect[39
m(response[33m.[39msuccess)[33m.[39m
[34mtoBe[39m([35mtrue[39m)[33m;[39
m
    [90m   | [39m                     
          [31m^[39m
    [90m442| [39m      [90m// Lookup 
should be filtered out due to field 
allowlist[39m
    [90m443| [39m    })[33m;[39m

[31m[2mΓÄ»ΓÄ»ΓÄ»ΓÄ»ΓÄ»ΓÄ»ΓÄ»ΓÄ»ΓÄ»ΓÄ»Γ
Ä»ΓÄ»ΓÄ»ΓÄ»ΓÄ»ΓÄ»ΓÄ»ΓÄ»ΓÄ»ΓÄ»ΓÄ»ΓÄ»[13/1
6]ΓÄ»[22m[39m

[41m[1m FAIL [22m[49m 
tests/baseController.test.ts[2m > 
[22mBaseController - 
Framework-Agnostic CRUD[2m > 
[22mController Extension[2m > 
[22mshould allow adding custom methods

[31m[1mAssertionError[22m: expected 
false to be true // Object.is 
equality[39m
[2m Test Files [22m [1m[31m1 failed[39m[22m[2m | [22m[1m[32m28 passed[39m[22m[90m (29)[39m
[2m      Tests [22m [1m[31m16 failed[39m[22m[2m | [22m[1m[32m602 passed[39m[22m[2m | [22m[33m2 skipped[39m[90m (620)[39m
[2m   Start at [22m 06:22:44
[2m   Duration [22m 16.14s[2m (transform 357ms, setup 0ms, collect 2.15s, tests 13.74s, environment 0ms, prepare 50ms)[22m


[32m- Expected[39m
[31m+ Received[39m

[32m- true[39m
[31m+ false[39m

[36m [2mΓ¥»[22m tests/baseController.
test.ts:[2m486:32[22m[39m
    [90m484| [39m      
[35mconst[39m response [33m=[39m 
[35mawait[39m controller[33m.[39m[3
4mgetFeatured[39m(context)[33m;[39m
    [90m485| [39m
    [90m486| [39m      [34mexpect[39
m(response[33m.[39msuccess)[33m.[39m
[34mtoBe[39m([35mtrue[39m)[33m;[39
m
    [90m   | [39m                     
          [31m^[39m
    [90m487| [39m      
[35mconst[39m result [33m=[39m 
response[33m.[39mdata [35mas[39m [3
3mPaginationResult[39m[33m<[39m[33mI
Product[39m[33m>[39m[33m;[39m
    [90m488| [39m      [34mexpect[39
m(result[33m.[39mdocs)[33m.[39m[34m
toHaveLength[39m([34m2[39m)[33m;[39
m

[31m[2mΓÄ»ΓÄ»ΓÄ»ΓÄ»ΓÄ»ΓÄ»ΓÄ»ΓÄ»ΓÄ»ΓÄ»Γ
Ä»ΓÄ»ΓÄ»ΓÄ»ΓÄ»ΓÄ»ΓÄ»ΓÄ»ΓÄ»ΓÄ»ΓÄ»ΓÄ»[14/1
6]ΓÄ»[22m[39m

[41m[1m FAIL [22m[49m 
tests/baseController.test.ts[2m > 
[22mBaseController - 
Framework-Agnostic CRUD[2m > 
[22mFiltering and Sorting[2m > 
[22mshould filter products by status
[31m[1mAssertionError[22m: expected 
false to be true // Object.is 
equality[39m

[32m- Expected[39m
[31m+ Received[39m

[32m- true[39m
[31m+ false[39m

[36m [2mΓ¥»[22m tests/baseController.
test.ts:[2m550:32[22m[39m
    [90m548| [39m      
[35mconst[39m response [33m=[39m 
[35mawait[39m controller[33m.[39m[3
4mlist[39m(context)[33m;[39m
    [90m549| [39m
    [90m550| [39m      [34mexpect[39
m(response[33m.[39msuccess)[33m.[39m
[34mtoBe[39m([35mtrue[39m)[33m;[39
m
    [90m   | [39m                     
          [31m^[39m
    [90m551| [39m      
[35mconst[39m result [33m=[39m 
response[33m.[39mdata [35mas[39m [3
3mPaginationResult[39m[33m<[39m[33mI
Product[39m[33m>[39m[33m;[39m
    [90m552| [39m      [34mexpect[39
m(result[33m.[39mdocs)[33m.[39m[34m
toHaveLength[39m([34m2[39m)[33m;[39
m

[31m[2mΓÄ»ΓÄ»ΓÄ»ΓÄ»ΓÄ»ΓÄ»ΓÄ»ΓÄ»ΓÄ»ΓÄ»Γ
Ä»ΓÄ»ΓÄ»ΓÄ»ΓÄ»ΓÄ»ΓÄ»ΓÄ»ΓÄ»ΓÄ»ΓÄ»ΓÄ»[15/1
6]ΓÄ»[22m[39m

[41m[1m FAIL [22m[49m 
tests/baseController.test.ts[2m > 
[22mBaseController - 
Framework-Agnostic CRUD[2m > 
[22mFiltering and Sorting[2m > 
[22mshould sort products by price
[31m[1mAssertionError[22m: expected 
false to be true // Object.is 
equality[39m

[32m- Expected[39m
[31m+ Received[39m

[32m- true[39m
[31m+ false[39m

[36m [2mΓ¥»[22m tests/baseController.
test.ts:[2m569:32[22m[39m
    [90m567| [39m      
[35mconst[39m response [33m=[39m 
[35mawait[39m controller[33m.[39m[3
4mlist[39m(context)[33m;[39m
    [90m568| [39m
    [90m569| [39m      [34mexpect[39
m(response[33m.[39msuccess)[33m.[39m
[34mtoBe[39m([35mtrue[39m)[33m;[39
m
    [90m   | [39m                     
          [31m^[39m
    [90m570| [39m      
[35mconst[39m result [33m=[39m 
response[33m.[39mdata [35mas[39m [3
3mPaginationResult[39m[33m<[39m[33mI
Product[39m[33m>[39m[33m;[39m
    [90m571| [39m      [34mexpect[39
m(result[33m.[39mdocs[[34m0[39m][33
m.[39mprice)[33m.[39m[34mtoBe[39m(
[34m10[39m)[33m;[39m

[31m[2mΓÄ»ΓÄ»ΓÄ»ΓÄ»ΓÄ»ΓÄ»ΓÄ»ΓÄ»ΓÄ»ΓÄ»Γ
Ä»ΓÄ»ΓÄ»ΓÄ»ΓÄ»ΓÄ»ΓÄ»ΓÄ»ΓÄ»ΓÄ»ΓÄ»ΓÄ»[16/1
6]ΓÄ»[22m[39m

