
[1m[46m RUN [49m[22m [36mv3.2.4 [39m[90mD:/projects/packages/mongokit[39m

 [31mΓ¥»[39m tests/safety.test.ts [2m([22m[2m41 tests[22m[2m | [22m[31m2 failed[39m[2m | [22m[33m2 skipped[39m[2m)[22m[33m 376[2mms[22m[39m
   [32mΓ£ô[39m Safety & Security Tests[2m > [22mQuery Parser - Security[2m > [22mshould block dangerous NoSQL injection operators[32m 2[2mms[22m[39m
   [32mΓ£ô[39m Safety & Security Tests[2m > [22mQuery Parser - Security[2m > [22mshould handle regex DoS prevention - long patterns[32m 0[2mms[22m[39m
   [32mΓ£ô[39m Safety & Security Tests[2m > [22mQuery Parser - Security[2m > [22mshould handle deeply nested objects safely[32m 0[2mms[22m[39m
   [32mΓ£ô[39m Safety & Security Tests[2m > [22mQuery Parser - Security[2m > [22mshould handle null and undefined safely[32m 1[2mms[22m[39m
   [32mΓ£ô[39m Safety & Security Tests[2m > [22mQuery Parser - Security[2m > [22mshould handle empty strings in operators[32m 0[2mms[22m[39m
   [32mΓ£ô[39m Safety & Security Tests[2m > [22mQuery Parser - Security[2m > [22mshould handle non-numeric values for numeric operators[32m 0[2mms[22m[39m
   [32mΓ£ô[39m Safety & Security Tests[2m > [22mQuery Parser - Security[2m > [22mshould handle special characters in field names[32m 0[2mms[22m[39m
   [32mΓ£ô[39m Safety & Security Tests[2m > [22mQuery Parser - Security[2m > [22mshould handle very large numbers safely[32m 0[2mms[22m[39m
   [32mΓ£ô[39m Safety & Security Tests[2m > [22mQuery Parser - Security[2m > [22mshould handle invalid ObjectId strings[32m 0[2mms[22m[39m
   [32mΓ£ô[39m Safety & Security Tests[2m > [22mQuery Parser - Security[2m > [22mshould handle valid ObjectId strings[32m 1[2mms[22m[39m
   [32mΓ£ô[39m Safety & Security Tests[2m > [22mQuery Parser - Security[2m > [22mshould handle array injection attempts[32m 0[2mms[22m[39m
   [32mΓ£ô[39m Safety & Security Tests[2m > [22mQuery Parser - Security[2m > [22mshould handle boolean conversion safely[32m 0[2mms[22m[39m
   [32mΓ£ô[39m Safety & Security Tests[2m > [22mQuery Parser - Security[2m > [22mshould handle $or operator injection safely[32m 0[2mms[22m[39m
   [32mΓ£ô[39m Safety & Security Tests[2m > [22mQuery Parser - Security[2m > [22mshould handle between operator with invalid dates[32m 0[2mms[22m[39m
   [32mΓ£ô[39m Safety & Security Tests[2m > [22mQuery Parser - Security[2m > [22mshould handle between operator with partial dates[32m 0[2mms[22m[39m
   [32mΓ£ô[39m Safety & Security Tests[2m > [22mQuery Parser - Security[2m > [22mshould handle negative numbers in operators[32m 0[2mms[22m[39m
   [32mΓ£ô[39m Safety & Security Tests[2m > [22mQuery Parser - Security[2m > [22mshould handle decimal numbers in operators[32m 0[2mms[22m[39m
   [32mΓ£ô[39m Safety & Security Tests[2m > [22mQuery Parser - Security[2m > [22mshould sanitize text search queries[32m 0[2mms[22m[39m
   [32mΓ£ô[39m Safety & Security Tests[2m > [22mQuery Parser - Security[2m > [22mshould handle empty search strings[32m 0[2mms[22m[39m
   [32mΓ£ô[39m Safety & Security Tests[2m > [22mQuery Parser - Security[2m > [22mshould truncate very long search queries[32m 0[2mms[22m[39m
   [32mΓ£ô[39m Safety & Security Tests[2m > [22mQuery Parser - Security[2m > [22mshould preserve MongoDB text search operators[32m 0[2mms[22m[39m
   [32mΓ£ô[39m Safety & Security Tests[2m > [22mRepository - Error Handling[2m > [22mshould handle invalid ObjectId gracefully[32m 2[2mms[22m[39m
   [32mΓ£ô[39m Safety & Security Tests[2m > [22mRepository - Error Handling[2m > [22mshould handle update on non-existent document[32m 4[2mms[22m[39m
   [32mΓ£ô[39m Safety & Security Tests[2m > [22mRepository - Error Handling[2m > [22mshould handle delete on non-existent document[32m 1[2mms[22m[39m
   [32mΓ£ô[39m Safety & Security Tests[2m > [22mRepository - Error Handling[2m > [22mshould handle schema validation errors[32m 3[2mms[22m[39m
   [32mΓ£ô[39m Safety & Security Tests[2m > [22mRepository - Error Handling[2m > [22mshould handle empty array for createMany[32m 0[2mms[22m[39m
   [32mΓ£ô[39m Safety & Security Tests[2m > [22mRepository - Error Handling[2m > [22mshould handle invalid session object[32m 2[2mms[22m[39m
   [32mΓ£ô[39m Safety & Security Tests[2m > [22mRepository - Edge Cases[2m > [22mshould handle documents with special characters in strings[32m 2[2mms[22m[39m
   [32mΓ£ô[39m Safety & Security Tests[2m > [22mRepository - Edge Cases[2m > [22mshould handle very long strings within limits[32m 1[2mms[22m[39m
   [32mΓ£ô[39m Safety & Security Tests[2m > [22mRepository - Edge Cases[2m > [22mshould handle empty arrays[32m 1[2mms[22m[39m
   [32mΓ£ô[39m Safety & Security Tests[2m > [22mRepository - Edge Cases[2m > [22mshould handle unicode characters[32m 1[2mms[22m[39m
   [32mΓ£ô[39m Safety & Security Tests[2m > [22mRepository - Edge Cases[2m > [22mshould handle metadata with nested objects[32m 1[2mms[22m[39m
   [32mΓ£ô[39m Safety & Security Tests[2m > [22mRepository - Edge Cases[2m > [22mshould handle concurrent creates without conflicts[32m 8[2mms[22m[39m
[31m   [31m├ù[31m Safety & Security Tests[2m > [22mPagination - Edge Cases[2m > [22mshould handle page beyond available data[39m[32m 9[2mms[22m[39m
[31m     ΓåÆ expected [ { ΓÇª(8) }, { ΓÇª(8) }, { ΓÇª(8) }, ΓÇª(7) ] to have a length of +0 but got 10[39m
   [32mΓ£ô[39m Safety & Security Tests[2m > [22mPagination - Edge Cases[2m > [22mshould handle limit of 0[32m 1[2mms[22m[39m
[31m   [31m├ù[31m Safety & Security Tests[2m > [22mPagination - Edge Cases[2m > [22mshould handle negative page number[39m[32m 2[2mms[22m[39m
[31m     ΓåÆ expected undefined to be 1 // Object.is equality[39m
   [32mΓ£ô[39m Safety & Security Tests[2m > [22mPagination - Edge Cases[2m > [22mshould handle very large limit[32m 1[2mms[22m[39m
   [32mΓ£ô[39m Safety & Security Tests[2m > [22mPagination - Edge Cases[2m > [22mshould handle empty filters object[32m 1[2mms[22m[39m
   [32mΓ£ô[39m Safety & Security Tests[2m > [22mPagination - Edge Cases[2m > [22mshould handle invalid sort field[32m 1[2mms[22m[39m
   [2m[90mΓåô[39m[22m Safety & Security Tests[2m > [22mTransaction Safety[2m > [22mshould properly start and use session (requires replica set)
   [2m[90mΓåô[39m[22m Safety & Security Tests[2m > [22mTransaction Safety[2m > [22mshould rollback on error (requires replica set)
 [31mΓ¥»[39m tests/pagination.test.ts [2m([22m[2m36 tests[22m[2m | [22m[31m11 failed[39m[2m)[22m[33m 366[2mms[22m[39m
[31m   [31m├ù[31m Pagination[2m > [22mOffset Pagination[2m > [22mshould return offset pagination result[39m[32m 3[2mms[22m[39m
[31m     ΓåÆ expected 'keyset' to be 'offset' // Object.is equality[39m
[31m   [31m├ù[31m Pagination[2m > [22mOffset Pagination[2m > [22mshould paginate through pages correctly[39m[32m 3[2mms[22m[39m
[31m     ΓåÆ expected 'keyset' to be 'offset' // Object.is equality[39m
[31m   [31m├ù[31m Pagination[2m > [22mOffset Pagination[2m > [22mshould apply filters[39m[32m 1[2mms[22m[39m
[31m     ΓåÆ expected 'keyset' to be 'offset' // Object.is equality[39m
[31m   [31m├ù[31m Pagination[2m > [22mOffset Pagination[2m > [22mshould apply sort[39m[32m 1[2mms[22m[39m
[31m     ΓåÆ expected 'keyset' to be 'offset' // Object.is equality[39m
   [32mΓ£ô[39m Pagination[2m > [22mOffset Pagination[2m > [22mshould cap limit at maxLimit[32m 1[2mms[22m[39m
[31m   [31m├ù[31m Pagination[2m > [22mOffset Pagination[2m > [22mshould warn on deep pagination[39m[32m 1[2mms[22m[39m
[31m     ΓåÆ expected 'keyset' to be 'offset' // Object.is equality[39m
[31m   [31m├ù[31m Pagination[2m > [22mOffset Pagination[2m > [22mshould enforce maxPage[39m[32m 3[2mms[22m[39m
[31m     ΓåÆ promise resolved "{ method: 'keyset', ΓÇª(4) }" instead of rejecting[39m
[31m   [31m├ù[31m Pagination[2m > [22mOffset Pagination[2m > [22mshould support pagination param object[39m[32m 1[2mms[22m[39m
[31m     ΓåÆ expected 'keyset' to be 'offset' // Object.is equality[39m
[31m   [31m├ù[31m Pagination[2m > [22mOffset Pagination[2m > [22mshould default to page 1 when no pagination specified[39m[32m 1[2mms[22m[39m
[31m     ΓåÆ expected 'keyset' to be 'offset' // Object.is equality[39m
   [32mΓ£ô[39m Pagination[2m > [22mKeyset Pagination[2m > [22mshould return keyset pagination result[32m 1[2mms[22m[39m
   [32mΓ£ô[39m Pagination[2m > [22mKeyset Pagination[2m > [22mshould paginate forward using cursor[32m 3[2mms[22m[39m
   [32mΓ£ô[39m Pagination[2m > [22mKeyset Pagination[2m > [22mshould handle ascending sort[32m 2[2mms[22m[39m
   [32mΓ£ô[39m Pagination[2m > [22mKeyset Pagination[2m > [22mshould handle descending sort[32m 2[2mms[22m[39m
   [32mΓ£ô[39m Pagination[2m > [22mKeyset Pagination[2m > [22mshould handle ties with _id tie-breaker[32m 6[2mms[22m[39m
   [32mΓ£ô[39m Pagination[2m > [22mKeyset Pagination[2m > [22mshould apply filters with keyset pagination[32m 1[2mms[22m[39m
   [32mΓ£ô[39m Pagination[2m > [22mKeyset Pagination[2m > [22mshould indicate hasMore correctly[32m 1[2mms[22m[39m
   [32mΓ£ô[39m Pagination[2m > [22mKeyset Pagination[2m > [22mshould reject invalid cursor[32m 0[2mms[22m[39m
   [32mΓ£ô[39m Pagination[2m > [22mKeyset Pagination[2m > [22mshould reject sort mismatch with cursor[32m 1[2mms[22m[39m
   [32mΓ£ô[39m Pagination[2m > [22mKeyset Pagination[2m > [22mshould support cursor param alias[32m 1[2mms[22m[39m
   [32mΓ£ô[39m Pagination[2m > [22mAggregate Pagination[2m > [22mshould return aggregate pagination result[32m 2[2mms[22m[39m
   [32mΓ£ô[39m Pagination[2m > [22mAggregate Pagination[2m > [22mshould paginate aggregate results[32m 1[2mms[22m[39m
   [32mΓ£ô[39m Pagination[2m > [22mAggregate Pagination[2m > [22mshould handle grouping in pipeline[32m 1[2mms[22m[39m
   [32mΓ£ô[39m Pagination[2m > [22mAggregate Pagination[2m > [22mshould handle empty results[32m 1[2mms[22m[39m
   [32mΓ£ô[39m Pagination[2m > [22mAggregate Pagination[2m > [22mshould warn on deep pagination[32m 1[2mms[22m[39m
   [32mΓ£ô[39m Pagination[2m > [22mPaginationEngine[2m > [22mshould use config defaults[32m 2[2mms[22m[39m
   [32mΓ£ô[39m Pagination[2m > [22mPaginationEngine[2m > [22mshould enforce maxLimit[32m 1[2mms[22m[39m
   [32mΓ£ô[39m Pagination[2m > [22mPaginationEngine[2m > [22mpaginate() returns offset result[32m 1[2mms[22m[39m
   [32mΓ£ô[39m Pagination[2m > [22mPaginationEngine[2m > [22mstream() returns keyset result[32m 1[2mms[22m[39m
   [32mΓ£ô[39m Pagination[2m > [22mPaginationEngine[2m > [22mstream() requires sort[32m 0[2mms[22m[39m
   [32mΓ£ô[39m Pagination[2m > [22mPaginationEngine[2m > [22maggregatePaginate() returns aggregate result[32m 1[2mms[22m[39m
[31m   [31m├ù[31m Pagination[2m > [22mAuto-detection of Pagination Mode[2m > [22mshould use offset mode when page is specified[39m[32m 1[2mms[22m[39m
[31m     ΓåÆ expected 'keyset' to be 'offset' // Object.is equality[39m
[31m   [31m├ù[31m Pagination[2m > [22mAuto-detection of Pagination Mode[2m > [22mshould use offset mode when pagination object is specified[39m[32m 1[2mms[22m[39m
[31m     ΓåÆ expected 'keyset' to be 'offset' // Object.is equality[39m
   [32mΓ£ô[39m Pagination[2m > [22mAuto-detection of Pagination Mode[2m > [22mshould use keyset mode when after is specified[32m 1[2mms[22m[39m
   [32mΓ£ô[39m Pagination[2m > [22mAuto-detection of Pagination Mode[2m > [22mshould use keyset mode when cursor is specified[32m 1[2mms[22m[39m
   [32mΓ£ô[39m Pagination[2m > [22mAuto-detection of Pagination Mode[2m > [22mshould use keyset mode when explicit sort without page[32m 1[2mms[22m[39m
[31m   [31m├ù[31m Pagination[2m > [22mAuto-detection of Pagination Mode[2m > [22mshould prioritize page over sort for mode detection[39m[32m 1[2mms[22m[39m
[31m     ΓåÆ expected 'keyset' to be 'offset' // Object.is equality[39m
 [31mΓ¥»[39m tests/baseController.test.ts [2m([22m[2m19 tests[22m[2m | [22m[31m1 failed[39m[2m)[22m[32m 84[2mms[22m[39m
   [32mΓ£ô[39m BaseController - Framework-Agnostic CRUD[2m > [22mBasic CRUD Operations[2m > [22mshould create a new product[32m 22[2mms[22m[39m
[31m   [31m├ù[31m BaseController - Framework-Agnostic CRUD[2m > [22mBasic CRUD Operations[2m > [22mshould list products with pagination[39m[32m 4[2mms[22m[39m
[31m     ΓåÆ expected undefined to be 3 // Object.is equality[39m
   [32mΓ£ô[39m BaseController - Framework-Agnostic CRUD[2m > [22mBasic CRUD Operations[2m > [22mshould get product by ID[32m 3[2mms[22m[39m
   [32mΓ£ô[39m BaseController - Framework-Agnostic CRUD[2m > [22mBasic CRUD Operations[2m > [22mshould return 404 for non-existent product[32m 1[2mms[22m[39m
   [32mΓ£ô[39m BaseController - Framework-Agnostic CRUD[2m > [22mBasic CRUD Operations[2m > [22mshould update a product[32m 3[2mms[22m[39m
   [32mΓ£ô[39m BaseController - Framework-Agnostic CRUD[2m > [22mBasic CRUD Operations[2m > [22mshould delete a product[32m 3[2mms[22m[39m
   [32mΓ£ô[39m BaseController - Framework-Agnostic CRUD[2m > [22mSystem-Managed Field Protection[2m > [22mshould block system-managed fields on create[32m 1[2mms[22m[39m
   [32mΓ£ô[39m BaseController - Framework-Agnostic CRUD[2m > [22mSystem-Managed Field Protection[2m > [22mshould block system-managed fields on update[32m 2[2mms[22m[39m
   [32mΓ£ô[39m BaseController - Framework-Agnostic CRUD[2m > [22mMulti-Tenant Support[2m > [22mshould inject organizationId from context on create[32m 1[2mms[22m[39m
   [32mΓ£ô[39m BaseController - Framework-Agnostic CRUD[2m > [22mMulti-Tenant Support[2m > [22mshould filter by organizationId in list[32m 2[2mms[22m[39m
   [32mΓ£ô[39m BaseController - Framework-Agnostic CRUD[2m > [22mLookup Sanitization[2m > [22mshould allow lookups from allowlist[32m 1[2mms[22m[39m
   [32mΓ£ô[39m BaseController - Framework-Agnostic CRUD[2m > [22mLookup Sanitization[2m > [22mshould block lookups not in allowlist[32m 1[2mms[22m[39m
   [32mΓ£ô[39m BaseController - Framework-Agnostic CRUD[2m > [22mLookup Sanitization[2m > [22mshould enforce field-level allowlists[32m 1[2mms[22m[39m
   [32mΓ£ô[39m BaseController - Framework-Agnostic CRUD[2m > [22mController Extension[2m > [22mshould allow extending and overriding methods[32m 1[2mms[22m[39m
   [32mΓ£ô[39m BaseController - Framework-Agnostic CRUD[2m > [22mController Extension[2m > [22mshould allow adding custom methods[32m 3[2mms[22m[39m
   [32mΓ£ô[39m BaseController - Framework-Agnostic CRUD[2m > [22mError Handling[2m > [22mshould return 400 when ID is missing[32m 1[2mms[22m[39m
   [32mΓ£ô[39m BaseController - Framework-Agnostic CRUD[2m > [22mError Handling[2m > [22mshould handle database errors gracefully[32m 2[2mms[22m[39m
   [32mΓ£ô[39m BaseController - Framework-Agnostic CRUD[2m > [22mFiltering and Sorting[2m > [22mshould filter products by status[32m 2[2mms[22m[39m
   [32mΓ£ô[39m BaseController - Framework-Agnostic CRUD[2m > [22mFiltering and Sorting[2m > [22mshould sort products by price[32m 2[2mms[22m[39m
 [32mΓ£ô[39m tests/transaction.test.ts [2m([22m[2m7 tests[22m[2m)[22m[33m 1681[2mms[22m[39m
 [32mΓ£ô[39m tests/transaction-edge-cases.test.ts [2m([22m[2m8 tests[22m[2m)[22m[33m 1356[2mms[22m[39m
 [32mΓ£ô[39m tests/cache.test.ts [2m([22m[2m13 tests[22m[2m)[22m[33m 561[2mms[22m[39m
 [32mΓ£ô[39m tests/plugins.test.ts [2m([22m[2m41 tests[22m[2m)[22m[33m 588[2mms[22m[39m
 [32mΓ£ô[39m tests/plugin-types-integration.test.ts [2m([22m[2m13 tests[22m[2m)[22m[33m 478[2mms[22m[39m
 [32mΓ£ô[39m tests/plugin-types.test.ts [2m([22m[2m21 tests[22m[2m)[22m[33m 524[2mms[22m[39m
 [32mΓ£ô[39m tests/repository.populateOptions.test.ts [2m([22m[2m12 tests[22m[2m)[22m[33m 502[2mms[22m[39m
 [32mΓ£ô[39m tests/plugin-interactions.test.ts [2m([22m[2m6 tests[22m[2m)[22m[33m 521[2mms[22m[39m
 [32mΓ£ô[39m tests/plugin-edge-cases.test.ts [2m([22m[2m51 tests[22m[2m)[22m[33m 584[2mms[22m[39m
 [32mΓ£ô[39m tests/custom-id.test.ts [2m([22m[2m22 tests[22m[2m)[22m[33m 551[2mms[22m[39m
 [32mΓ£ô[39m tests/hooks.test.ts [2m([22m[2m2 tests[22m[2m)[22m[33m 537[2mms[22m[39m
 [32mΓ£ô[39m tests/repository.advanced.test.ts [2m([22m[2m17 tests[22m[2m)[22m[33m 574[2mms[22m[39m
 [32mΓ£ô[39m tests/repository.test.ts [2m([22m[2m28 tests[22m[2m)[22m[33m 564[2mms[22m[39m
 [32mΓ£ô[39m tests/mongoose9-compat.test.ts [2m([22m[2m21 tests[22m[2m)[22m[33m 556[2mms[22m[39m
 [32mΓ£ô[39m tests/vector.test.ts [2m([22m[2m29 tests[22m[2m)[22m[33m 725[2mms[22m[39m
 [32mΓ£ô[39m tests/hooks.advanced.test.ts [2m([22m[2m12 tests[22m[2m)[22m[33m 583[2mms[22m[39m
 [32mΓ£ô[39m tests/multi-tenant-observability.test.ts [2m([22m[2m28 tests[22m[2m)[22m[33m 618[2mms[22m[39m
 [32mΓ£ô[39m tests/utils.test.ts [2m([22m[2m63 tests[22m[2m)[22m[32m 6[2mms[22m[39m
 [32mΓ£ô[39m tests/jsonSchema.generation.test.ts [2m([22m[2m17 tests[22m[2m)[22m[32m 4[2mms[22m[39m
 [32mΓ£ô[39m tests/queryParser.security.test.ts [2m([22m[2m17 tests[22m[2m)[22m[32m 3[2mms[22m[39m
 [32mΓ£ô[39m tests/lookupBuilder.test.ts [2m([22m[2m24 tests[22m[2m)[22m[32m 3[2mms[22m[39m
 [32mΓ£ô[39m tests/queryParser.searchMode.test.ts [2m([22m[2m19 tests[22m[2m)[22m[32m 2[2mms[22m[39m
 [32mΓ£ô[39m tests/queryParser.populate.test.ts [2m([22m[2m20 tests[22m[2m)[22m[32m 2[2mms[22m[39m
 [32mΓ£ô[39m tests/lookupPipeline.security.test.ts [2m([22m[2m12 tests[22m[2m)[22m[32m 2[2mms[22m[39m


[2m Test Files [22m [1m[31m3 failed[39m[22m[2m | [22m[1m[32m24 passed[39m[22m[90m (27)[39m
[2m      Tests [22m [1m[31m14 failed[39m[22m[2m | [22m[1m[32m583 passed[39m[22m[2m | [22m[33m2 skipped[39m[90m (599)[39m
[2m   Start at [22m 08:29:33
[2m   Duration [22m 14.58s[2m (transform 340ms, setup 0ms, collect 2.02s, tests 12.35s, environment 0ms, prepare 52ms)[22m

